---
source: crates/cadtab-core/src/layout.rs
expression: "serde_json::to_string_pretty(&tree).unwrap()"
---
{
  "meta": {
    "width": 800.0,
    "height": 13.8
  },
  "header": [
    {
      "kind": "text",
      "x": 2.0,
      "y": 2.25,
      "content": "Open G",
      "role": "tuningName",
      "span": null
    },
    {
      "kind": "text",
      "x": 2.0,
      "y": 3.75,
      "content": "①=D",
      "role": "tuningString",
      "span": null
    },
    {
      "kind": "text",
      "x": 2.0,
      "y": 5.25,
      "content": "②=B",
      "role": "tuningString",
      "span": null
    },
    {
      "kind": "text",
      "x": 5.4,
      "y": 3.75,
      "content": "③=G",
      "role": "tuningString",
      "span": null
    },
    {
      "kind": "text",
      "x": 5.4,
      "y": 5.25,
      "content": "④=D",
      "role": "tuningString",
      "span": null
    },
    {
      "kind": "text",
      "x": 8.8,
      "y": 3.75,
      "content": "⑤=g",
      "role": "tuningString",
      "span": null
    }
  ],
  "systems": [
    {
      "bounds": {
        "x": 0.0,
        "y": 7.0,
        "w": 800.0,
        "h": 4.0
      },
      "prims": [
        {
          "kind": "line",
          "x1": 2.0,
          "y1": 7.0,
          "x2": 799.0,
          "y2": 7.0,
          "weight": 0.06
        },
        {
          "kind": "line",
          "x1": 2.0,
          "y1": 8.0,
          "x2": 599.15,
          "y2": 8.0,
          "weight": 0.06
        },
        {
          "kind": "line",
          "x1": 600.35,
          "y1": 8.0,
          "x2": 799.0,
          "y2": 8.0,
          "weight": 0.06
        },
        {
          "kind": "line",
          "x1": 2.0,
          "y1": 9.0,
          "x2": 267.06668,
          "y2": 9.0,
          "weight": 0.06
        },
        {
          "kind": "line",
          "x1": 268.2667,
          "y1": 9.0,
          "x2": 799.0,
          "y2": 9.0,
          "weight": 0.06
        },
        {
          "kind": "line",
          "x1": 2.0,
          "y1": 10.0,
          "x2": 799.0,
          "y2": 10.0,
          "weight": 0.06
        },
        {
          "kind": "line",
          "x1": 2.0,
          "y1": 11.0,
          "x2": 799.0,
          "y2": 11.0,
          "weight": 0.06
        },
        {
          "kind": "line",
          "x1": 2.0,
          "y1": 7.0,
          "x2": 2.0,
          "y2": 11.0,
          "weight": 0.1
        },
        {
          "kind": "line",
          "x1": 799.0,
          "y1": 7.0,
          "x2": 799.0,
          "y2": 11.0,
          "weight": 0.1
        }
      ],
      "measures": [
        {
          "bounds": {
            "x": 2.0,
            "y": 7.0,
            "w": 797.0,
            "h": 4.0
          },
          "prims": [
            {
              "kind": "text",
              "x": 3.2,
              "y": 8.5,
              "content": "4",
              "role": "timeSig",
              "span": null
            },
            {
              "kind": "text",
              "x": 3.2,
              "y": 9.5,
              "content": "4",
              "role": "timeSig",
              "span": null
            },
            {
              "kind": "text",
              "x": 267.6667,
              "y": 9.0,
              "content": "0",
              "role": "fretNumber",
              "span": {
                "start": 0,
                "end": 3
              }
            },
            {
              "kind": "path",
              "cmds": "M 267.9967 9 a 0.12 0.12 0 1 0 0.24 0 a 0.12 0.12 0 1 0 -0.24 0 z",
              "span": null
            },
            {
              "kind": "line",
              "x1": 267.6667,
              "y1": 9.8,
              "x2": 267.6667,
              "y2": 12.5,
              "weight": 0.08
            },
            {
              "kind": "text",
              "x": 267.6667,
              "y": 13.1,
              "content": "T",
              "role": "finger",
              "span": {
                "start": 0,
                "end": 3
              }
            },
            {
              "kind": "text",
              "x": 599.75,
              "y": 8.0,
              "content": "1",
              "role": "fretNumber",
              "span": {
                "start": 6,
                "end": 9
              }
            },
            {
              "kind": "line",
              "x1": 599.75,
              "y1": 8.8,
              "x2": 599.75,
              "y2": 12.5,
              "weight": 0.08
            },
            {
              "kind": "text",
              "x": 599.75,
              "y": 13.1,
              "content": "T",
              "role": "finger",
              "span": {
                "start": 6,
                "end": 9
              }
            },
            {
              "kind": "line",
              "x1": 599.75,
              "y1": 12.59,
              "x2": 600.35,
              "y2": 12.59,
              "weight": 0.18
            }
          ],
          "span": {
            "start": 0,
            "end": 9
          }
        }
      ]
    }
  ]
}
