---
source: crates/cadtab-core/src/parser.rs
expression: parsed.program
---
Program {
    items: [
        Item {
            kind: Title(
                StringLit {
                    value: "Syntax Showcase",
                    span: Span {
                        start: 9,
                        end: 26,
                    },
                },
            ),
            span: Span {
                start: 0,
                end: 26,
            },
        },
        Item {
            kind: Composer(
                StringLit {
                    value: "cadtab",
                    span: Span {
                        start: 36,
                        end: 44,
                    },
                },
            ),
            span: Span {
                start: 27,
                end: 44,
            },
        },
        Item {
            kind: Tempo(
                IntLit {
                    value: 130,
                    span: Span {
                        start: 54,
                        end: 57,
                    },
                },
            ),
            span: Span {
                start: 45,
                end: 57,
            },
        },
        Item {
            kind: Instrument(
                Ident {
                    name: "banjo",
                    span: Span {
                        start: 70,
                        end: 75,
                    },
                },
            ),
            span: Span {
                start: 59,
                end: 75,
            },
        },
        Item {
            kind: Tuning(
                Named(
                    Ident {
                        name: "openG",
                        span: Span {
                            start: 87,
                            end: 92,
                        },
                    },
                ),
            ),
            span: Span {
                start: 76,
                end: 92,
            },
        },
        Item {
            kind: Capo(
                StringLit {
                    value: "5th string @ 2",
                    span: Span {
                        start: 98,
                        end: 114,
                    },
                },
            ),
            span: Span {
                start: 93,
                end: 114,
            },
        },
        Item {
            kind: BarNumbers(
                Ident {
                    name: "all",
                    span: Span {
                        start: 126,
                        end: 129,
                    },
                },
            ),
            span: Span {
                start: 115,
                end: 129,
            },
        },
        Item {
            kind: Score(
                Score {
                    items: [
                        ScoreItem {
                            kind: Time(
                                TimeSig {
                                    num: IntLit {
                                        value: 4,
                                        span: Span {
                                            start: 214,
                                            end: 215,
                                        },
                                    },
                                    den: IntLit {
                                        value: 4,
                                        span: Span {
                                            start: 216,
                                            end: 217,
                                        },
                                    },
                                    span: Span {
                                        start: 214,
                                        end: 217,
                                    },
                                },
                            ),
                            span: Span {
                                start: 209,
                                end: 217,
                            },
                        },
                        ScoreItem {
                            kind: Default(
                                Fraction {
                                    num: IntLit {
                                        value: 1,
                                        span: Span {
                                            start: 228,
                                            end: 229,
                                        },
                                    },
                                    den: IntLit {
                                        value: 8,
                                        span: Span {
                                            start: 230,
                                            end: 231,
                                        },
                                    },
                                    span: Span {
                                        start: 228,
                                        end: 231,
                                    },
                                },
                            ),
                            span: Span {
                                start: 220,
                                end: 231,
                            },
                        },
                        ScoreItem {
                            kind: Pickup(
                                Block {
                                    events: [
                                        Event {
                                            kind: Note(
                                                Note {
                                                    head: Expr {
                                                        kind: Position(
                                                            Position {
                                                                string: IntLit {
                                                                    value: 2,
                                                                    span: Span {
                                                                        start: 298,
                                                                        end: 299,
                                                                    },
                                                                },
                                                                fret: IntLit {
                                                                    value: 0,
                                                                    span: Span {
                                                                        start: 300,
                                                                        end: 301,
                                                                    },
                                                                },
                                                                span: Span {
                                                                    start: 298,
                                                                    end: 301,
                                                                },
                                                            },
                                                        ),
                                                        span: Span {
                                                            start: 298,
                                                            end: 301,
                                                        },
                                                    },
                                                    mark: Some(
                                                        Mark {
                                                            kind: Index,
                                                            span: Span {
                                                                start: 301,
                                                                end: 303,
                                                            },
                                                        },
                                                    ),
                                                    duration: None,
                                                },
                                            ),
                                            span: Span {
                                                start: 298,
                                                end: 303,
                                            },
                                        },
                                        Event {
                                            kind: Note(
                                                Note {
                                                    head: Expr {
                                                        kind: Position(
                                                            Position {
                                                                string: IntLit {
                                                                    value: 1,
                                                                    span: Span {
                                                                        start: 304,
                                                                        end: 305,
                                                                    },
                                                                },
                                                                fret: IntLit {
                                                                    value: 0,
                                                                    span: Span {
                                                                        start: 306,
                                                                        end: 307,
                                                                    },
                                                                },
                                                                span: Span {
                                                                    start: 304,
                                                                    end: 307,
                                                                },
                                                            },
                                                        ),
                                                        span: Span {
                                                            start: 304,
                                                            end: 307,
                                                        },
                                                    },
                                                    mark: Some(
                                                        Mark {
                                                            kind: Thumb,
                                                            span: Span {
                                                                start: 307,
                                                                end: 309,
                                                            },
                                                        },
                                                    ),
                                                    duration: None,
                                                },
                                            ),
                                            span: Span {
                                                start: 304,
                                                end: 309,
                                            },
                                        },
                                    ],
                                    span: Span {
                                        start: 296,
                                        end: 311,
                                    },
                                },
                            ),
                            span: Span {
                                start: 289,
                                end: 311,
                            },
                        },
                        ScoreItem {
                            kind: Section(
                                StringLit {
                                    value: "A",
                                    span: Span {
                                        start: 353,
                                        end: 356,
                                    },
                                },
                            ),
                            span: Span {
                                start: 345,
                                end: 356,
                            },
                        },
                        ScoreItem {
                            kind: Repeat(
                                Repeat {
                                    body: [
                                        Event {
                                            kind: ChordSymbol(
                                                StringLit {
                                                    value: "G",
                                                    span: Span {
                                                        start: 494,
                                                        end: 497,
                                                    },
                                                },
                                            ),
                                            span: Span {
                                                start: 488,
                                                end: 497,
                                            },
                                        },
                                        Event {
                                            kind: Note(
                                                Note {
                                                    head: Expr {
                                                        kind: Position(
                                                            Position {
                                                                string: IntLit {
                                                                    value: 3,
                                                                    span: Span {
                                                                        start: 561,
                                                                        end: 562,
                                                                    },
                                                                },
                                                                fret: IntLit {
                                                                    value: 0,
                                                                    span: Span {
                                                                        start: 563,
                                                                        end: 564,
                                                                    },
                                                                },
                                                                span: Span {
                                                                    start: 561,
                                                                    end: 564,
                                                                },
                                                            },
                                                        ),
                                                        span: Span {
                                                            start: 561,
                                                            end: 564,
                                                        },
                                                    },
                                                    mark: Some(
                                                        Mark {
                                                            kind: Thumb,
                                                            span: Span {
                                                                start: 564,
                                                                end: 566,
                                                            },
                                                        },
                                                    ),
                                                    duration: None,
                                                },
                                            ),
                                            span: Span {
                                                start: 561,
                                                end: 566,
                                            },
                                        },
                                        Event {
                                            kind: Note(
                                                Note {
                                                    head: Expr {
                                                        kind: Position(
                                                            Position {
                                                                string: IntLit {
                                                                    value: 2,
                                                                    span: Span {
                                                                        start: 568,
                                                                        end: 569,
                                                                    },
                                                                },
                                                                fret: IntLit {
                                                                    value: 0,
                                                                    span: Span {
                                                                        start: 570,
                                                                        end: 571,
                                                                    },
                                                                },
                                                                span: Span {
                                                                    start: 568,
                                                                    end: 571,
                                                                },
                                                            },
                                                        ),
                                                        span: Span {
                                                            start: 568,
                                                            end: 571,
                                                        },
                                                    },
                                                    mark: Some(
                                                        Mark {
                                                            kind: Index,
                                                            span: Span {
                                                                start: 571,
                                                                end: 573,
                                                            },
                                                        },
                                                    ),
                                                    duration: None,
                                                },
                                            ),
                                            span: Span {
                                                start: 568,
                                                end: 573,
                                            },
                                        },
                                        Event {
                                            kind: Note(
                                                Note {
                                                    head: Expr {
                                                        kind: Position(
                                                            Position {
                                                                string: IntLit {
                                                                    value: 1,
                                                                    span: Span {
                                                                        start: 575,
                                                                        end: 576,
                                                                    },
                                                                },
                                                                fret: IntLit {
                                                                    value: 0,
                                                                    span: Span {
                                                                        start: 577,
                                                                        end: 578,
                                                                    },
                                                                },
                                                                span: Span {
                                                                    start: 575,
                                                                    end: 578,
                                                                },
                                                            },
                                                        ),
                                                        span: Span {
                                                            start: 575,
                                                            end: 578,
                                                        },
                                                    },
                                                    mark: Some(
                                                        Mark {
                                                            kind: Middle,
                                                            span: Span {
                                                                start: 578,
                                                                end: 580,
                                                            },
                                                        },
                                                    ),
                                                    duration: None,
                                                },
                                            ),
                                            span: Span {
                                                start: 575,
                                                end: 580,
                                            },
                                        },
                                        Event {
                                            kind: Note(
                                                Note {
                                                    head: Expr {
                                                        kind: Position(
                                                            Position {
                                                                string: IntLit {
                                                                    value: 5,
                                                                    span: Span {
                                                                        start: 583,
                                                                        end: 584,
                                                                    },
                                                                },
                                                                fret: IntLit {
                                                                    value: 0,
                                                                    span: Span {
                                                                        start: 585,
                                                                        end: 586,
                                                                    },
                                                                },
                                                                span: Span {
                                                                    start: 583,
                                                                    end: 586,
                                                                },
                                                            },
                                                        ),
                                                        span: Span {
                                                            start: 583,
                                                            end: 586,
                                                        },
                                                    },
                                                    mark: Some(
                                                        Mark {
                                                            kind: Thumb,
                                                            span: Span {
                                                                start: 586,
                                                                end: 588,
                                                            },
                                                        },
                                                    ),
                                                    duration: None,
                                                },
                                            ),
                                            span: Span {
                                                start: 583,
                                                end: 588,
                                            },
                                        },
                                        Event {
                                            kind: Note(
                                                Note {
                                                    head: Expr {
                                                        kind: Position(
                                                            Position {
                                                                string: IntLit {
                                                                    value: 3,
                                                                    span: Span {
                                                                        start: 590,
                                                                        end: 591,
                                                                    },
                                                                },
                                                                fret: IntLit {
                                                                    value: 0,
                                                                    span: Span {
                                                                        start: 592,
                                                                        end: 593,
                                                                    },
                                                                },
                                                                span: Span {
                                                                    start: 590,
                                                                    end: 593,
                                                                },
                                                            },
                                                        ),
                                                        span: Span {
                                                            start: 590,
                                                            end: 593,
                                                        },
                                                    },
                                                    mark: Some(
                                                        Mark {
                                                            kind: Index,
                                                            span: Span {
                                                                start: 593,
                                                                end: 595,
                                                            },
                                                        },
                                                    ),
                                                    duration: None,
                                                },
                                            ),
                                            span: Span {
                                                start: 590,
                                                end: 595,
                                            },
                                        },
                                        Event {
                                            kind: Note(
                                                Note {
                                                    head: Expr {
                                                        kind: Position(
                                                            Position {
                                                                string: IntLit {
                                                                    value: 1,
                                                                    span: Span {
                                                                        start: 597,
                                                                        end: 598,
                                                                    },
                                                                },
                                                                fret: IntLit {
                                                                    value: 0,
                                                                    span: Span {
                                                                        start: 599,
                                                                        end: 600,
                                                                    },
                                                                },
                                                                span: Span {
                                                                    start: 597,
                                                                    end: 600,
                                                                },
                                                            },
                                                        ),
                                                        span: Span {
                                                            start: 597,
                                                            end: 600,
                                                        },
                                                    },
                                                    mark: Some(
                                                        Mark {
                                                            kind: Middle,
                                                            span: Span {
                                                                start: 600,
                                                                end: 602,
                                                            },
                                                        },
                                                    ),
                                                    duration: None,
                                                },
                                            ),
                                            span: Span {
                                                start: 597,
                                                end: 602,
                                            },
                                        },
                                        Event {
                                            kind: ChordSymbol(
                                                StringLit {
                                                    value: "C",
                                                    span: Span {
                                                        start: 636,
                                                        end: 639,
                                                    },
                                                },
                                            ),
                                            span: Span {
                                                start: 630,
                                                end: 639,
                                            },
                                        },
                                        Event {
                                            kind: Chord(
                                                Chord {
                                                    notes: [
                                                        ChordNote {
                                                            position: Position {
                                                                string: IntLit {
                                                                    value: 1,
                                                                    span: Span {
                                                                        start: 645,
                                                                        end: 646,
                                                                    },
                                                                },
                                                                fret: IntLit {
                                                                    value: 0,
                                                                    span: Span {
                                                                        start: 647,
                                                                        end: 648,
                                                                    },
                                                                },
                                                                span: Span {
                                                                    start: 645,
                                                                    end: 648,
                                                                },
                                                            },
                                                            mark: Some(
                                                                Mark {
                                                                    kind: Middle,
                                                                    span: Span {
                                                                        start: 648,
                                                                        end: 650,
                                                                    },
                                                                },
                                                            ),
                                                            span: Span {
                                                                start: 645,
                                                                end: 650,
                                                            },
                                                        },
                                                        ChordNote {
                                                            position: Position {
                                                                string: IntLit {
                                                                    value: 5,
                                                                    span: Span {
                                                                        start: 651,
                                                                        end: 652,
                                                                    },
                                                                },
                                                                fret: IntLit {
                                                                    value: 0,
                                                                    span: Span {
                                                                        start: 653,
                                                                        end: 654,
                                                                    },
                                                                },
                                                                span: Span {
                                                                    start: 651,
                                                                    end: 654,
                                                                },
                                                            },
                                                            mark: Some(
                                                                Mark {
                                                                    kind: Thumb,
                                                                    span: Span {
                                                                        start: 654,
                                                                        end: 656,
                                                                    },
                                                                },
                                                            ),
                                                            span: Span {
                                                                start: 651,
                                                                end: 656,
                                                            },
                                                        },
                                                    ],
                                                    duration: Some(
                                                        Duration {
                                                            denom: IntLit {
                                                                value: 4,
                                                                span: Span {
                                                                    start: 658,
                                                                    end: 659,
                                                                },
                                                            },
                                                            dots: 0,
                                                            span: Span {
                                                                start: 657,
                                                                end: 659,
                                                            },
                                                        },
                                                    ),
                                                },
                                            ),
                                            span: Span {
                                                start: 644,
                                                end: 659,
                                            },
                                        },
                                    ],
                                    endings: [
                                        Ending {
                                            number: IntLit {
                                                value: 1,
                                                span: Span {
                                                    start: 735,
                                                    end: 736,
                                                },
                                            },
                                            body: Block {
                                                events: [
                                                    Event {
                                                        kind: Rest(
                                                            Rest {
                                                                duration: Some(
                                                                    Duration {
                                                                        denom: IntLit {
                                                                            value: 8,
                                                                            span: Span {
                                                                                start: 742,
                                                                                end: 743,
                                                                            },
                                                                        },
                                                                        dots: 0,
                                                                        span: Span {
                                                                            start: 741,
                                                                            end: 743,
                                                                        },
                                                                    },
                                                                ),
                                                            },
                                                        ),
                                                        span: Span {
                                                            start: 740,
                                                            end: 743,
                                                        },
                                                    },
                                                    Event {
                                                        kind: Tie(
                                                            Tie {
                                                                left: Event {
                                                                    kind: Note(
                                                                        Note {
                                                                            head: Expr {
                                                                                kind: Position(
                                                                                    Position {
                                                                                        string: IntLit {
                                                                                            value: 3,
                                                                                            span: Span {
                                                                                                start: 745,
                                                                                                end: 746,
                                                                                            },
                                                                                        },
                                                                                        fret: IntLit {
                                                                                            value: 2,
                                                                                            span: Span {
                                                                                                start: 747,
                                                                                                end: 748,
                                                                                            },
                                                                                        },
                                                                                        span: Span {
                                                                                            start: 745,
                                                                                            end: 748,
                                                                                        },
                                                                                    },
                                                                                ),
                                                                                span: Span {
                                                                                    start: 745,
                                                                                    end: 748,
                                                                                },
                                                                            },
                                                                            mark: None,
                                                                            duration: None,
                                                                        },
                                                                    ),
                                                                    span: Span {
                                                                        start: 745,
                                                                        end: 748,
                                                                    },
                                                                },
                                                                right: Event {
                                                                    kind: Note(
                                                                        Note {
                                                                            head: Expr {
                                                                                kind: Position(
                                                                                    Position {
                                                                                        string: IntLit {
                                                                                            value: 3,
                                                                                            span: Span {
                                                                                                start: 751,
                                                                                                end: 752,
                                                                                            },
                                                                                        },
                                                                                        fret: IntLit {
                                                                                            value: 2,
                                                                                            span: Span {
                                                                                                start: 753,
                                                                                                end: 754,
                                                                                            },
                                                                                        },
                                                                                        span: Span {
                                                                                            start: 751,
                                                                                            end: 754,
                                                                                        },
                                                                                    },
                                                                                ),
                                                                                span: Span {
                                                                                    start: 751,
                                                                                    end: 754,
                                                                                },
                                                                            },
                                                                            mark: None,
                                                                            duration: None,
                                                                        },
                                                                    ),
                                                                    span: Span {
                                                                        start: 751,
                                                                        end: 754,
                                                                    },
                                                                },
                                                            },
                                                        ),
                                                        span: Span {
                                                            start: 745,
                                                            end: 754,
                                                        },
                                                    },
                                                ],
                                                span: Span {
                                                    start: 738,
                                                    end: 756,
                                                },
                                            },
                                            span: Span {
                                                start: 728,
                                                end: 756,
                                            },
                                        },
                                        Ending {
                                            number: IntLit {
                                                value: 2,
                                                span: Span {
                                                    start: 799,
                                                    end: 800,
                                                },
                                            },
                                            body: Block {
                                                events: [
                                                    Event {
                                                        kind: Note(
                                                            Note {
                                                                head: Expr {
                                                                    kind: Position(
                                                                        Position {
                                                                            string: IntLit {
                                                                                value: 1,
                                                                                span: Span {
                                                                                    start: 804,
                                                                                    end: 805,
                                                                                },
                                                                            },
                                                                            fret: IntLit {
                                                                                value: 0,
                                                                                span: Span {
                                                                                    start: 806,
                                                                                    end: 807,
                                                                                },
                                                                            },
                                                                            span: Span {
                                                                                start: 804,
                                                                                end: 807,
                                                                            },
                                                                        },
                                                                    ),
                                                                    span: Span {
                                                                        start: 804,
                                                                        end: 807,
                                                                    },
                                                                },
                                                                mark: Some(
                                                                    Mark {
                                                                        kind: Middle,
                                                                        span: Span {
                                                                            start: 807,
                                                                            end: 809,
                                                                        },
                                                                    },
                                                                ),
                                                                duration: None,
                                                            },
                                                        ),
                                                        span: Span {
                                                            start: 804,
                                                            end: 809,
                                                        },
                                                    },
                                                    Event {
                                                        kind: Note(
                                                            Note {
                                                                head: Expr {
                                                                    kind: Position(
                                                                        Position {
                                                                            string: IntLit {
                                                                                value: 1,
                                                                                span: Span {
                                                                                    start: 810,
                                                                                    end: 811,
                                                                                },
                                                                            },
                                                                            fret: IntLit {
                                                                                value: 0,
                                                                                span: Span {
                                                                                    start: 812,
                                                                                    end: 813,
                                                                                },
                                                                            },
                                                                            span: Span {
                                                                                start: 810,
                                                                                end: 813,
                                                                            },
                                                                        },
                                                                    ),
                                                                    span: Span {
                                                                        start: 810,
                                                                        end: 813,
                                                                    },
                                                                },
                                                                mark: Some(
                                                                    Mark {
                                                                        kind: Middle,
                                                                        span: Span {
                                                                            start: 813,
                                                                            end: 815,
                                                                        },
                                                                    },
                                                                ),
                                                                duration: None,
                                                            },
                                                        ),
                                                        span: Span {
                                                            start: 810,
                                                            end: 815,
                                                        },
                                                    },
                                                ],
                                                span: Span {
                                                    start: 802,
                                                    end: 817,
                                                },
                                            },
                                            span: Span {
                                                start: 792,
                                                end: 817,
                                            },
                                        },
                                    ],
                                },
                            ),
                            span: Span {
                                start: 419,
                                end: 838,
                            },
                        },
                        ScoreItem {
                            kind: Section(
                                StringLit {
                                    value: "B",
                                    span: Span {
                                        start: 850,
                                        end: 853,
                                    },
                                },
                            ),
                            span: Span {
                                start: 842,
                                end: 853,
                            },
                        },
                        ScoreItem {
                            kind: Default(
                                Fraction {
                                    num: IntLit {
                                        value: 1,
                                        span: Span {
                                            start: 888,
                                            end: 889,
                                        },
                                    },
                                    den: IntLit {
                                        value: 4,
                                        span: Span {
                                            start: 890,
                                            end: 891,
                                        },
                                    },
                                    span: Span {
                                        start: 888,
                                        end: 891,
                                    },
                                },
                            ),
                            span: Span {
                                start: 880,
                                end: 891,
                            },
                        },
                        ScoreItem {
                            kind: Loop(
                                LoopBlock {
                                    count: IntLit {
                                        value: 2,
                                        span: Span {
                                            start: 965,
                                            end: 966,
                                        },
                                    },
                                    body: Block {
                                        events: [
                                            Event {
                                                kind: Note(
                                                    Note {
                                                        head: Expr {
                                                            kind: Position(
                                                                Position {
                                                                    string: IntLit {
                                                                        value: 3,
                                                                        span: Span {
                                                                            start: 969,
                                                                            end: 970,
                                                                        },
                                                                    },
                                                                    fret: IntLit {
                                                                        value: 2,
                                                                        span: Span {
                                                                            start: 971,
                                                                            end: 972,
                                                                        },
                                                                    },
                                                                    span: Span {
                                                                        start: 969,
                                                                        end: 972,
                                                                    },
                                                                },
                                                            ),
                                                            span: Span {
                                                                start: 969,
                                                                end: 972,
                                                            },
                                                        },
                                                        mark: None,
                                                        duration: None,
                                                    },
                                                ),
                                                span: Span {
                                                    start: 969,
                                                    end: 972,
                                                },
                                            },
                                            Event {
                                                kind: Note(
                                                    Note {
                                                        head: Expr {
                                                            kind: Position(
                                                                Position {
                                                                    string: IntLit {
                                                                        value: 3,
                                                                        span: Span {
                                                                            start: 973,
                                                                            end: 974,
                                                                        },
                                                                    },
                                                                    fret: IntLit {
                                                                        value: 4,
                                                                        span: Span {
                                                                            start: 975,
                                                                            end: 976,
                                                                        },
                                                                    },
                                                                    span: Span {
                                                                        start: 973,
                                                                        end: 976,
                                                                    },
                                                                },
                                                            ),
                                                            span: Span {
                                                                start: 973,
                                                                end: 976,
                                                            },
                                                        },
                                                        mark: None,
                                                        duration: None,
                                                    },
                                                ),
                                                span: Span {
                                                    start: 973,
                                                    end: 976,
                                                },
                                            },
                                        ],
                                        span: Span {
                                            start: 967,
                                            end: 978,
                                        },
                                    },
                                },
                            ),
                            span: Span {
                                start: 960,
                                end: 978,
                            },
                        },
                        ScoreItem {
                            kind: Measure(
                                Block {
                                    events: [
                                        Event {
                                            kind: Phrase(
                                                Expr {
                                                    kind: Call {
                                                        callee: Expr {
                                                            kind: Ident(
                                                                "hammer",
                                                            ),
                                                            span: Span {
                                                                start: 1102,
                                                                end: 1108,
                                                            },
                                                        },
                                                        args: [
                                                            Expr {
                                                                kind: Position(
                                                                    Position {
                                                                        string: IntLit {
                                                                            value: 3,
                                                                            span: Span {
                                                                                start: 1109,
                                                                                end: 1110,
                                                                            },
                                                                        },
                                                                        fret: IntLit {
                                                                            value: 0,
                                                                            span: Span {
                                                                                start: 1111,
                                                                                end: 1112,
                                                                            },
                                                                        },
                                                                        span: Span {
                                                                            start: 1109,
                                                                            end: 1112,
                                                                        },
                                                                    },
                                                                ),
                                                                span: Span {
                                                                    start: 1109,
                                                                    end: 1112,
                                                                },
                                                            },
                                                            Expr {
                                                                kind: Position(
                                                                    Position {
                                                                        string: IntLit {
                                                                            value: 3,
                                                                            span: Span {
                                                                                start: 1114,
                                                                                end: 1115,
                                                                            },
                                                                        },
                                                                        fret: IntLit {
                                                                            value: 2,
                                                                            span: Span {
                                                                                start: 1116,
                                                                                end: 1117,
                                                                            },
                                                                        },
                                                                        span: Span {
                                                                            start: 1114,
                                                                            end: 1117,
                                                                        },
                                                                    },
                                                                ),
                                                                span: Span {
                                                                    start: 1114,
                                                                    end: 1117,
                                                                },
                                                            },
                                                        ],
                                                    },
                                                    span: Span {
                                                        start: 1102,
                                                        end: 1118,
                                                    },
                                                },
                                            ),
                                            span: Span {
                                                start: 1102,
                                                end: 1118,
                                            },
                                        },
                                        Event {
                                            kind: Phrase(
                                                Expr {
                                                    kind: Call {
                                                        callee: Expr {
                                                            kind: Ident(
                                                                "bend",
                                                            ),
                                                            span: Span {
                                                                start: 1157,
                                                                end: 1161,
                                                            },
                                                        },
                                                        args: [
                                                            Expr {
                                                                kind: Position(
                                                                    Position {
                                                                        string: IntLit {
                                                                            value: 1,
                                                                            span: Span {
                                                                                start: 1162,
                                                                                end: 1163,
                                                                            },
                                                                        },
                                                                        fret: IntLit {
                                                                            value: 7,
                                                                            span: Span {
                                                                                start: 1164,
                                                                                end: 1165,
                                                                            },
                                                                        },
                                                                        span: Span {
                                                                            start: 1162,
                                                                            end: 1165,
                                                                        },
                                                                    },
                                                                ),
                                                                span: Span {
                                                                    start: 1162,
                                                                    end: 1165,
                                                                },
                                                            },
                                                        ],
                                                    },
                                                    span: Span {
                                                        start: 1157,
                                                        end: 1166,
                                                    },
                                                },
                                            ),
                                            span: Span {
                                                start: 1157,
                                                end: 1166,
                                            },
                                        },
                                    ],
                                    span: Span {
                                        start: 1051,
                                        end: 1170,
                                    },
                                },
                            ),
                            span: Span {
                                start: 1043,
                                end: 1170,
                            },
                        },
                    ],
                },
            ),
            span: Span {
                start: 199,
                end: 1172,
            },
        },
    ],
    span: Span {
        start: 0,
        end: 1173,
    },
}
