---
source: crates/cadtab-core/src/parser.rs
expression: parsed.program
---
Program {
    items: [
        Item {
            kind: Title(
                StringLit {
                    value: "Syntax Showcase",
                    span: Span {
                        start: 9,
                        end: 26,
                    },
                },
            ),
            span: Span {
                start: 0,
                end: 26,
            },
        },
        Item {
            kind: Composer(
                StringLit {
                    value: "cadtab",
                    span: Span {
                        start: 36,
                        end: 44,
                    },
                },
            ),
            span: Span {
                start: 27,
                end: 44,
            },
        },
        Item {
            kind: Tempo(
                IntLit {
                    value: 130,
                    span: Span {
                        start: 54,
                        end: 57,
                    },
                },
            ),
            span: Span {
                start: 45,
                end: 57,
            },
        },
        Item {
            kind: Instrument(
                Ident {
                    name: "banjo",
                    span: Span {
                        start: 70,
                        end: 75,
                    },
                },
            ),
            span: Span {
                start: 59,
                end: 75,
            },
        },
        Item {
            kind: Tuning(
                Named(
                    Ident {
                        name: "openG",
                        span: Span {
                            start: 87,
                            end: 92,
                        },
                    },
                ),
            ),
            span: Span {
                start: 76,
                end: 92,
            },
        },
        Item {
            kind: Capo(
                StringLit {
                    value: "5th string @ 2",
                    span: Span {
                        start: 98,
                        end: 114,
                    },
                },
            ),
            span: Span {
                start: 93,
                end: 114,
            },
        },
        Item {
            kind: Score(
                Score {
                    items: [
                        ScoreItem {
                            kind: Time(
                                TimeSig {
                                    num: IntLit {
                                        value: 4,
                                        span: Span {
                                            start: 131,
                                            end: 132,
                                        },
                                    },
                                    den: IntLit {
                                        value: 4,
                                        span: Span {
                                            start: 133,
                                            end: 134,
                                        },
                                    },
                                    span: Span {
                                        start: 131,
                                        end: 134,
                                    },
                                },
                            ),
                            span: Span {
                                start: 126,
                                end: 134,
                            },
                        },
                        ScoreItem {
                            kind: Default(
                                Fraction {
                                    num: IntLit {
                                        value: 1,
                                        span: Span {
                                            start: 145,
                                            end: 146,
                                        },
                                    },
                                    den: IntLit {
                                        value: 8,
                                        span: Span {
                                            start: 147,
                                            end: 148,
                                        },
                                    },
                                    span: Span {
                                        start: 145,
                                        end: 148,
                                    },
                                },
                            ),
                            span: Span {
                                start: 137,
                                end: 148,
                            },
                        },
                        ScoreItem {
                            kind: Pickup(
                                Block {
                                    events: [
                                        Event {
                                            kind: Note(
                                                Note {
                                                    head: Expr {
                                                        kind: Position(
                                                            Position {
                                                                string: IntLit {
                                                                    value: 2,
                                                                    span: Span {
                                                                        start: 215,
                                                                        end: 216,
                                                                    },
                                                                },
                                                                fret: IntLit {
                                                                    value: 0,
                                                                    span: Span {
                                                                        start: 217,
                                                                        end: 218,
                                                                    },
                                                                },
                                                                span: Span {
                                                                    start: 215,
                                                                    end: 218,
                                                                },
                                                            },
                                                        ),
                                                        span: Span {
                                                            start: 215,
                                                            end: 218,
                                                        },
                                                    },
                                                    mark: Some(
                                                        Mark {
                                                            kind: Index,
                                                            span: Span {
                                                                start: 218,
                                                                end: 220,
                                                            },
                                                        },
                                                    ),
                                                    duration: None,
                                                },
                                            ),
                                            span: Span {
                                                start: 215,
                                                end: 220,
                                            },
                                        },
                                        Event {
                                            kind: Note(
                                                Note {
                                                    head: Expr {
                                                        kind: Position(
                                                            Position {
                                                                string: IntLit {
                                                                    value: 1,
                                                                    span: Span {
                                                                        start: 221,
                                                                        end: 222,
                                                                    },
                                                                },
                                                                fret: IntLit {
                                                                    value: 0,
                                                                    span: Span {
                                                                        start: 223,
                                                                        end: 224,
                                                                    },
                                                                },
                                                                span: Span {
                                                                    start: 221,
                                                                    end: 224,
                                                                },
                                                            },
                                                        ),
                                                        span: Span {
                                                            start: 221,
                                                            end: 224,
                                                        },
                                                    },
                                                    mark: Some(
                                                        Mark {
                                                            kind: Thumb,
                                                            span: Span {
                                                                start: 224,
                                                                end: 226,
                                                            },
                                                        },
                                                    ),
                                                    duration: None,
                                                },
                                            ),
                                            span: Span {
                                                start: 221,
                                                end: 226,
                                            },
                                        },
                                    ],
                                    span: Span {
                                        start: 213,
                                        end: 228,
                                    },
                                },
                            ),
                            span: Span {
                                start: 206,
                                end: 228,
                            },
                        },
                        ScoreItem {
                            kind: Section(
                                StringLit {
                                    value: "A",
                                    span: Span {
                                        start: 270,
                                        end: 273,
                                    },
                                },
                            ),
                            span: Span {
                                start: 262,
                                end: 273,
                            },
                        },
                        ScoreItem {
                            kind: Repeat(
                                Repeat {
                                    body: [
                                        Event {
                                            kind: Note(
                                                Note {
                                                    head: Expr {
                                                        kind: Position(
                                                            Position {
                                                                string: IntLit {
                                                                    value: 3,
                                                                    span: Span {
                                                                        start: 405,
                                                                        end: 406,
                                                                    },
                                                                },
                                                                fret: IntLit {
                                                                    value: 0,
                                                                    span: Span {
                                                                        start: 407,
                                                                        end: 408,
                                                                    },
                                                                },
                                                                span: Span {
                                                                    start: 405,
                                                                    end: 408,
                                                                },
                                                            },
                                                        ),
                                                        span: Span {
                                                            start: 405,
                                                            end: 408,
                                                        },
                                                    },
                                                    mark: Some(
                                                        Mark {
                                                            kind: Thumb,
                                                            span: Span {
                                                                start: 408,
                                                                end: 410,
                                                            },
                                                        },
                                                    ),
                                                    duration: None,
                                                },
                                            ),
                                            span: Span {
                                                start: 405,
                                                end: 410,
                                            },
                                        },
                                        Event {
                                            kind: Note(
                                                Note {
                                                    head: Expr {
                                                        kind: Position(
                                                            Position {
                                                                string: IntLit {
                                                                    value: 2,
                                                                    span: Span {
                                                                        start: 412,
                                                                        end: 413,
                                                                    },
                                                                },
                                                                fret: IntLit {
                                                                    value: 0,
                                                                    span: Span {
                                                                        start: 414,
                                                                        end: 415,
                                                                    },
                                                                },
                                                                span: Span {
                                                                    start: 412,
                                                                    end: 415,
                                                                },
                                                            },
                                                        ),
                                                        span: Span {
                                                            start: 412,
                                                            end: 415,
                                                        },
                                                    },
                                                    mark: Some(
                                                        Mark {
                                                            kind: Index,
                                                            span: Span {
                                                                start: 415,
                                                                end: 417,
                                                            },
                                                        },
                                                    ),
                                                    duration: None,
                                                },
                                            ),
                                            span: Span {
                                                start: 412,
                                                end: 417,
                                            },
                                        },
                                        Event {
                                            kind: Note(
                                                Note {
                                                    head: Expr {
                                                        kind: Position(
                                                            Position {
                                                                string: IntLit {
                                                                    value: 1,
                                                                    span: Span {
                                                                        start: 419,
                                                                        end: 420,
                                                                    },
                                                                },
                                                                fret: IntLit {
                                                                    value: 0,
                                                                    span: Span {
                                                                        start: 421,
                                                                        end: 422,
                                                                    },
                                                                },
                                                                span: Span {
                                                                    start: 419,
                                                                    end: 422,
                                                                },
                                                            },
                                                        ),
                                                        span: Span {
                                                            start: 419,
                                                            end: 422,
                                                        },
                                                    },
                                                    mark: Some(
                                                        Mark {
                                                            kind: Middle,
                                                            span: Span {
                                                                start: 422,
                                                                end: 424,
                                                            },
                                                        },
                                                    ),
                                                    duration: None,
                                                },
                                            ),
                                            span: Span {
                                                start: 419,
                                                end: 424,
                                            },
                                        },
                                        Event {
                                            kind: Note(
                                                Note {
                                                    head: Expr {
                                                        kind: Position(
                                                            Position {
                                                                string: IntLit {
                                                                    value: 5,
                                                                    span: Span {
                                                                        start: 427,
                                                                        end: 428,
                                                                    },
                                                                },
                                                                fret: IntLit {
                                                                    value: 0,
                                                                    span: Span {
                                                                        start: 429,
                                                                        end: 430,
                                                                    },
                                                                },
                                                                span: Span {
                                                                    start: 427,
                                                                    end: 430,
                                                                },
                                                            },
                                                        ),
                                                        span: Span {
                                                            start: 427,
                                                            end: 430,
                                                        },
                                                    },
                                                    mark: Some(
                                                        Mark {
                                                            kind: Thumb,
                                                            span: Span {
                                                                start: 430,
                                                                end: 432,
                                                            },
                                                        },
                                                    ),
                                                    duration: None,
                                                },
                                            ),
                                            span: Span {
                                                start: 427,
                                                end: 432,
                                            },
                                        },
                                        Event {
                                            kind: Note(
                                                Note {
                                                    head: Expr {
                                                        kind: Position(
                                                            Position {
                                                                string: IntLit {
                                                                    value: 3,
                                                                    span: Span {
                                                                        start: 434,
                                                                        end: 435,
                                                                    },
                                                                },
                                                                fret: IntLit {
                                                                    value: 0,
                                                                    span: Span {
                                                                        start: 436,
                                                                        end: 437,
                                                                    },
                                                                },
                                                                span: Span {
                                                                    start: 434,
                                                                    end: 437,
                                                                },
                                                            },
                                                        ),
                                                        span: Span {
                                                            start: 434,
                                                            end: 437,
                                                        },
                                                    },
                                                    mark: Some(
                                                        Mark {
                                                            kind: Index,
                                                            span: Span {
                                                                start: 437,
                                                                end: 439,
                                                            },
                                                        },
                                                    ),
                                                    duration: None,
                                                },
                                            ),
                                            span: Span {
                                                start: 434,
                                                end: 439,
                                            },
                                        },
                                        Event {
                                            kind: Note(
                                                Note {
                                                    head: Expr {
                                                        kind: Position(
                                                            Position {
                                                                string: IntLit {
                                                                    value: 1,
                                                                    span: Span {
                                                                        start: 441,
                                                                        end: 442,
                                                                    },
                                                                },
                                                                fret: IntLit {
                                                                    value: 0,
                                                                    span: Span {
                                                                        start: 443,
                                                                        end: 444,
                                                                    },
                                                                },
                                                                span: Span {
                                                                    start: 441,
                                                                    end: 444,
                                                                },
                                                            },
                                                        ),
                                                        span: Span {
                                                            start: 441,
                                                            end: 444,
                                                        },
                                                    },
                                                    mark: Some(
                                                        Mark {
                                                            kind: Middle,
                                                            span: Span {
                                                                start: 444,
                                                                end: 446,
                                                            },
                                                        },
                                                    ),
                                                    duration: None,
                                                },
                                            ),
                                            span: Span {
                                                start: 441,
                                                end: 446,
                                            },
                                        },
                                        Event {
                                            kind: Chord(
                                                Chord {
                                                    notes: [
                                                        ChordNote {
                                                            position: Position {
                                                                string: IntLit {
                                                                    value: 1,
                                                                    span: Span {
                                                                        start: 475,
                                                                        end: 476,
                                                                    },
                                                                },
                                                                fret: IntLit {
                                                                    value: 0,
                                                                    span: Span {
                                                                        start: 477,
                                                                        end: 478,
                                                                    },
                                                                },
                                                                span: Span {
                                                                    start: 475,
                                                                    end: 478,
                                                                },
                                                            },
                                                            mark: Some(
                                                                Mark {
                                                                    kind: Middle,
                                                                    span: Span {
                                                                        start: 478,
                                                                        end: 480,
                                                                    },
                                                                },
                                                            ),
                                                            span: Span {
                                                                start: 475,
                                                                end: 480,
                                                            },
                                                        },
                                                        ChordNote {
                                                            position: Position {
                                                                string: IntLit {
                                                                    value: 5,
                                                                    span: Span {
                                                                        start: 481,
                                                                        end: 482,
                                                                    },
                                                                },
                                                                fret: IntLit {
                                                                    value: 0,
                                                                    span: Span {
                                                                        start: 483,
                                                                        end: 484,
                                                                    },
                                                                },
                                                                span: Span {
                                                                    start: 481,
                                                                    end: 484,
                                                                },
                                                            },
                                                            mark: Some(
                                                                Mark {
                                                                    kind: Thumb,
                                                                    span: Span {
                                                                        start: 484,
                                                                        end: 486,
                                                                    },
                                                                },
                                                            ),
                                                            span: Span {
                                                                start: 481,
                                                                end: 486,
                                                            },
                                                        },
                                                    ],
                                                    duration: Some(
                                                        Duration {
                                                            denom: IntLit {
                                                                value: 4,
                                                                span: Span {
                                                                    start: 488,
                                                                    end: 489,
                                                                },
                                                            },
                                                            dots: 0,
                                                            span: Span {
                                                                start: 487,
                                                                end: 489,
                                                            },
                                                        },
                                                    ),
                                                },
                                            ),
                                            span: Span {
                                                start: 474,
                                                end: 489,
                                            },
                                        },
                                    ],
                                    endings: [
                                        Ending {
                                            number: IntLit {
                                                value: 1,
                                                span: Span {
                                                    start: 565,
                                                    end: 566,
                                                },
                                            },
                                            body: Block {
                                                events: [
                                                    Event {
                                                        kind: Rest(
                                                            Rest {
                                                                duration: Some(
                                                                    Duration {
                                                                        denom: IntLit {
                                                                            value: 8,
                                                                            span: Span {
                                                                                start: 572,
                                                                                end: 573,
                                                                            },
                                                                        },
                                                                        dots: 0,
                                                                        span: Span {
                                                                            start: 571,
                                                                            end: 573,
                                                                        },
                                                                    },
                                                                ),
                                                            },
                                                        ),
                                                        span: Span {
                                                            start: 570,
                                                            end: 573,
                                                        },
                                                    },
                                                    Event {
                                                        kind: Tie(
                                                            Tie {
                                                                left: Event {
                                                                    kind: Note(
                                                                        Note {
                                                                            head: Expr {
                                                                                kind: Position(
                                                                                    Position {
                                                                                        string: IntLit {
                                                                                            value: 3,
                                                                                            span: Span {
                                                                                                start: 575,
                                                                                                end: 576,
                                                                                            },
                                                                                        },
                                                                                        fret: IntLit {
                                                                                            value: 2,
                                                                                            span: Span {
                                                                                                start: 577,
                                                                                                end: 578,
                                                                                            },
                                                                                        },
                                                                                        span: Span {
                                                                                            start: 575,
                                                                                            end: 578,
                                                                                        },
                                                                                    },
                                                                                ),
                                                                                span: Span {
                                                                                    start: 575,
                                                                                    end: 578,
                                                                                },
                                                                            },
                                                                            mark: None,
                                                                            duration: None,
                                                                        },
                                                                    ),
                                                                    span: Span {
                                                                        start: 575,
                                                                        end: 578,
                                                                    },
                                                                },
                                                                right: Event {
                                                                    kind: Note(
                                                                        Note {
                                                                            head: Expr {
                                                                                kind: Position(
                                                                                    Position {
                                                                                        string: IntLit {
                                                                                            value: 3,
                                                                                            span: Span {
                                                                                                start: 581,
                                                                                                end: 582,
                                                                                            },
                                                                                        },
                                                                                        fret: IntLit {
                                                                                            value: 2,
                                                                                            span: Span {
                                                                                                start: 583,
                                                                                                end: 584,
                                                                                            },
                                                                                        },
                                                                                        span: Span {
                                                                                            start: 581,
                                                                                            end: 584,
                                                                                        },
                                                                                    },
                                                                                ),
                                                                                span: Span {
                                                                                    start: 581,
                                                                                    end: 584,
                                                                                },
                                                                            },
                                                                            mark: None,
                                                                            duration: None,
                                                                        },
                                                                    ),
                                                                    span: Span {
                                                                        start: 581,
                                                                        end: 584,
                                                                    },
                                                                },
                                                            },
                                                        ),
                                                        span: Span {
                                                            start: 575,
                                                            end: 584,
                                                        },
                                                    },
                                                ],
                                                span: Span {
                                                    start: 568,
                                                    end: 586,
                                                },
                                            },
                                            span: Span {
                                                start: 558,
                                                end: 586,
                                            },
                                        },
                                        Ending {
                                            number: IntLit {
                                                value: 2,
                                                span: Span {
                                                    start: 629,
                                                    end: 630,
                                                },
                                            },
                                            body: Block {
                                                events: [
                                                    Event {
                                                        kind: Note(
                                                            Note {
                                                                head: Expr {
                                                                    kind: Position(
                                                                        Position {
                                                                            string: IntLit {
                                                                                value: 1,
                                                                                span: Span {
                                                                                    start: 634,
                                                                                    end: 635,
                                                                                },
                                                                            },
                                                                            fret: IntLit {
                                                                                value: 0,
                                                                                span: Span {
                                                                                    start: 636,
                                                                                    end: 637,
                                                                                },
                                                                            },
                                                                            span: Span {
                                                                                start: 634,
                                                                                end: 637,
                                                                            },
                                                                        },
                                                                    ),
                                                                    span: Span {
                                                                        start: 634,
                                                                        end: 637,
                                                                    },
                                                                },
                                                                mark: Some(
                                                                    Mark {
                                                                        kind: Middle,
                                                                        span: Span {
                                                                            start: 637,
                                                                            end: 639,
                                                                        },
                                                                    },
                                                                ),
                                                                duration: None,
                                                            },
                                                        ),
                                                        span: Span {
                                                            start: 634,
                                                            end: 639,
                                                        },
                                                    },
                                                    Event {
                                                        kind: Note(
                                                            Note {
                                                                head: Expr {
                                                                    kind: Position(
                                                                        Position {
                                                                            string: IntLit {
                                                                                value: 1,
                                                                                span: Span {
                                                                                    start: 640,
                                                                                    end: 641,
                                                                                },
                                                                            },
                                                                            fret: IntLit {
                                                                                value: 0,
                                                                                span: Span {
                                                                                    start: 642,
                                                                                    end: 643,
                                                                                },
                                                                            },
                                                                            span: Span {
                                                                                start: 640,
                                                                                end: 643,
                                                                            },
                                                                        },
                                                                    ),
                                                                    span: Span {
                                                                        start: 640,
                                                                        end: 643,
                                                                    },
                                                                },
                                                                mark: Some(
                                                                    Mark {
                                                                        kind: Middle,
                                                                        span: Span {
                                                                            start: 643,
                                                                            end: 645,
                                                                        },
                                                                    },
                                                                ),
                                                                duration: None,
                                                            },
                                                        ),
                                                        span: Span {
                                                            start: 640,
                                                            end: 645,
                                                        },
                                                    },
                                                ],
                                                span: Span {
                                                    start: 632,
                                                    end: 647,
                                                },
                                            },
                                            span: Span {
                                                start: 622,
                                                end: 647,
                                            },
                                        },
                                    ],
                                },
                            ),
                            span: Span {
                                start: 336,
                                end: 668,
                            },
                        },
                        ScoreItem {
                            kind: Section(
                                StringLit {
                                    value: "B",
                                    span: Span {
                                        start: 680,
                                        end: 683,
                                    },
                                },
                            ),
                            span: Span {
                                start: 672,
                                end: 683,
                            },
                        },
                        ScoreItem {
                            kind: Default(
                                Fraction {
                                    num: IntLit {
                                        value: 1,
                                        span: Span {
                                            start: 718,
                                            end: 719,
                                        },
                                    },
                                    den: IntLit {
                                        value: 4,
                                        span: Span {
                                            start: 720,
                                            end: 721,
                                        },
                                    },
                                    span: Span {
                                        start: 718,
                                        end: 721,
                                    },
                                },
                            ),
                            span: Span {
                                start: 710,
                                end: 721,
                            },
                        },
                        ScoreItem {
                            kind: Loop(
                                LoopBlock {
                                    count: IntLit {
                                        value: 2,
                                        span: Span {
                                            start: 795,
                                            end: 796,
                                        },
                                    },
                                    body: Block {
                                        events: [
                                            Event {
                                                kind: Note(
                                                    Note {
                                                        head: Expr {
                                                            kind: Position(
                                                                Position {
                                                                    string: IntLit {
                                                                        value: 3,
                                                                        span: Span {
                                                                            start: 799,
                                                                            end: 800,
                                                                        },
                                                                    },
                                                                    fret: IntLit {
                                                                        value: 2,
                                                                        span: Span {
                                                                            start: 801,
                                                                            end: 802,
                                                                        },
                                                                    },
                                                                    span: Span {
                                                                        start: 799,
                                                                        end: 802,
                                                                    },
                                                                },
                                                            ),
                                                            span: Span {
                                                                start: 799,
                                                                end: 802,
                                                            },
                                                        },
                                                        mark: None,
                                                        duration: None,
                                                    },
                                                ),
                                                span: Span {
                                                    start: 799,
                                                    end: 802,
                                                },
                                            },
                                            Event {
                                                kind: Note(
                                                    Note {
                                                        head: Expr {
                                                            kind: Position(
                                                                Position {
                                                                    string: IntLit {
                                                                        value: 3,
                                                                        span: Span {
                                                                            start: 803,
                                                                            end: 804,
                                                                        },
                                                                    },
                                                                    fret: IntLit {
                                                                        value: 4,
                                                                        span: Span {
                                                                            start: 805,
                                                                            end: 806,
                                                                        },
                                                                    },
                                                                    span: Span {
                                                                        start: 803,
                                                                        end: 806,
                                                                    },
                                                                },
                                                            ),
                                                            span: Span {
                                                                start: 803,
                                                                end: 806,
                                                            },
                                                        },
                                                        mark: None,
                                                        duration: None,
                                                    },
                                                ),
                                                span: Span {
                                                    start: 803,
                                                    end: 806,
                                                },
                                            },
                                        ],
                                        span: Span {
                                            start: 797,
                                            end: 808,
                                        },
                                    },
                                },
                            ),
                            span: Span {
                                start: 790,
                                end: 808,
                            },
                        },
                        ScoreItem {
                            kind: Measure(
                                Block {
                                    events: [
                                        Event {
                                            kind: Phrase(
                                                Expr {
                                                    kind: Call {
                                                        callee: Expr {
                                                            kind: Ident(
                                                                "hammer",
                                                            ),
                                                            span: Span {
                                                                start: 932,
                                                                end: 938,
                                                            },
                                                        },
                                                        args: [
                                                            Expr {
                                                                kind: Position(
                                                                    Position {
                                                                        string: IntLit {
                                                                            value: 3,
                                                                            span: Span {
                                                                                start: 939,
                                                                                end: 940,
                                                                            },
                                                                        },
                                                                        fret: IntLit {
                                                                            value: 0,
                                                                            span: Span {
                                                                                start: 941,
                                                                                end: 942,
                                                                            },
                                                                        },
                                                                        span: Span {
                                                                            start: 939,
                                                                            end: 942,
                                                                        },
                                                                    },
                                                                ),
                                                                span: Span {
                                                                    start: 939,
                                                                    end: 942,
                                                                },
                                                            },
                                                            Expr {
                                                                kind: Position(
                                                                    Position {
                                                                        string: IntLit {
                                                                            value: 3,
                                                                            span: Span {
                                                                                start: 944,
                                                                                end: 945,
                                                                            },
                                                                        },
                                                                        fret: IntLit {
                                                                            value: 2,
                                                                            span: Span {
                                                                                start: 946,
                                                                                end: 947,
                                                                            },
                                                                        },
                                                                        span: Span {
                                                                            start: 944,
                                                                            end: 947,
                                                                        },
                                                                    },
                                                                ),
                                                                span: Span {
                                                                    start: 944,
                                                                    end: 947,
                                                                },
                                                            },
                                                        ],
                                                    },
                                                    span: Span {
                                                        start: 932,
                                                        end: 948,
                                                    },
                                                },
                                            ),
                                            span: Span {
                                                start: 932,
                                                end: 948,
                                            },
                                        },
                                        Event {
                                            kind: Phrase(
                                                Expr {
                                                    kind: Call {
                                                        callee: Expr {
                                                            kind: Ident(
                                                                "bend",
                                                            ),
                                                            span: Span {
                                                                start: 987,
                                                                end: 991,
                                                            },
                                                        },
                                                        args: [
                                                            Expr {
                                                                kind: Position(
                                                                    Position {
                                                                        string: IntLit {
                                                                            value: 1,
                                                                            span: Span {
                                                                                start: 992,
                                                                                end: 993,
                                                                            },
                                                                        },
                                                                        fret: IntLit {
                                                                            value: 7,
                                                                            span: Span {
                                                                                start: 994,
                                                                                end: 995,
                                                                            },
                                                                        },
                                                                        span: Span {
                                                                            start: 992,
                                                                            end: 995,
                                                                        },
                                                                    },
                                                                ),
                                                                span: Span {
                                                                    start: 992,
                                                                    end: 995,
                                                                },
                                                            },
                                                        ],
                                                    },
                                                    span: Span {
                                                        start: 987,
                                                        end: 996,
                                                    },
                                                },
                                            ),
                                            span: Span {
                                                start: 987,
                                                end: 996,
                                            },
                                        },
                                    ],
                                    span: Span {
                                        start: 881,
                                        end: 1000,
                                    },
                                },
                            ),
                            span: Span {
                                start: 873,
                                end: 1000,
                            },
                        },
                    ],
                },
            ),
            span: Span {
                start: 116,
                end: 1002,
            },
        },
    ],
    span: Span {
        start: 0,
        end: 1003,
    },
}
