---
source: crates/cadtab-core/src/layout.rs
expression: "serde_json::to_string_pretty(&tree).unwrap()"
---
{
  "meta": {
    "width": 12.6,
    "height": 9.3
  },
  "header": [
    {
      "kind": "text",
      "x": 6.3,
      "y": 1.0,
      "content": "gDGBD",
      "role": "tuning",
      "span": null
    }
  ],
  "systems": [
    {
      "bounds": {
        "x": 0.0,
        "y": 2.5,
        "w": 12.6,
        "h": 4.0
      },
      "prims": [
        {
          "kind": "line",
          "x1": 2.0,
          "y1": 2.5,
          "x2": 4.2000003,
          "y2": 2.5,
          "weight": 0.06
        },
        {
          "kind": "line",
          "x1": 6.4,
          "y1": 2.5,
          "x2": 9.2,
          "y2": 2.5,
          "weight": 0.06
        },
        {
          "kind": "line",
          "x1": 10.400001,
          "y1": 2.5,
          "x2": 11.6,
          "y2": 2.5,
          "weight": 0.06
        },
        {
          "kind": "text",
          "x": 1.0,
          "y": 2.5,
          "content": "D",
          "role": "stringLabel",
          "span": null
        },
        {
          "kind": "line",
          "x1": 2.0,
          "y1": 3.5,
          "x2": 3.1999998,
          "y2": 3.5,
          "weight": 0.06
        },
        {
          "kind": "line",
          "x1": 4.4,
          "y1": 3.5,
          "x2": 5.7000003,
          "y2": 3.5,
          "weight": 0.06
        },
        {
          "kind": "line",
          "x1": 6.9,
          "y1": 3.5,
          "x2": 8.2,
          "y2": 3.5,
          "weight": 0.06
        },
        {
          "kind": "line",
          "x1": 9.400001,
          "y1": 3.5,
          "x2": 11.6,
          "y2": 3.5,
          "weight": 0.06
        },
        {
          "kind": "text",
          "x": 1.0,
          "y": 3.5,
          "content": "B",
          "role": "stringLabel",
          "span": null
        },
        {
          "kind": "line",
          "x1": 2.0,
          "y1": 4.5,
          "x2": 2.1999998,
          "y2": 4.5,
          "weight": 0.06
        },
        {
          "kind": "line",
          "x1": 3.4,
          "y1": 4.5,
          "x2": 6.2000003,
          "y2": 4.5,
          "weight": 0.06
        },
        {
          "kind": "line",
          "x1": 7.4,
          "y1": 4.5,
          "x2": 11.6,
          "y2": 4.5,
          "weight": 0.06
        },
        {
          "kind": "text",
          "x": 1.0,
          "y": 4.5,
          "content": "G",
          "role": "stringLabel",
          "span": null
        },
        {
          "kind": "line",
          "x1": 2.0,
          "y1": 5.5,
          "x2": 11.6,
          "y2": 5.5,
          "weight": 0.06
        },
        {
          "kind": "text",
          "x": 1.0,
          "y": 5.5,
          "content": "D",
          "role": "stringLabel",
          "span": null
        },
        {
          "kind": "line",
          "x1": 2.0,
          "y1": 6.5,
          "x2": 11.6,
          "y2": 6.5,
          "weight": 0.06
        },
        {
          "kind": "text",
          "x": 1.0,
          "y": 6.5,
          "content": "g",
          "role": "stringLabel",
          "span": null
        },
        {
          "kind": "line",
          "x1": 11.6,
          "y1": 2.5,
          "x2": 11.6,
          "y2": 6.5,
          "weight": 0.1
        }
      ],
      "measures": [
        {
          "bounds": {
            "x": 2.0,
            "y": 2.5,
            "w": 9.6,
            "h": 4.0
          },
          "prims": [
            {
              "kind": "text",
              "x": 2.8,
              "y": 4.5,
              "content": "0",
              "role": "fretNumber",
              "span": {
                "start": 0,
                "end": 3
              }
            },
            {
              "kind": "line",
              "x1": 2.8,
              "y1": 5.3,
              "x2": 2.8,
              "y2": 8.0,
              "weight": 0.08
            },
            {
              "kind": "text",
              "x": 2.8,
              "y": 8.6,
              "content": "T",
              "role": "finger",
              "span": {
                "start": 0,
                "end": 3
              }
            },
            {
              "kind": "text",
              "x": 3.8,
              "y": 3.5,
              "content": "0",
              "role": "fretNumber",
              "span": {
                "start": 4,
                "end": 7
              }
            },
            {
              "kind": "line",
              "x1": 3.8,
              "y1": 4.3,
              "x2": 3.8,
              "y2": 8.0,
              "weight": 0.08
            },
            {
              "kind": "text",
              "x": 3.8,
              "y": 8.6,
              "content": "T",
              "role": "finger",
              "span": {
                "start": 4,
                "end": 7
              }
            },
            {
              "kind": "text",
              "x": 4.8,
              "y": 2.5,
              "content": "0",
              "role": "fretNumber",
              "span": {
                "start": 8,
                "end": 11
              }
            },
            {
              "kind": "line",
              "x1": 4.8,
              "y1": 3.3,
              "x2": 4.8,
              "y2": 8.0,
              "weight": 0.08
            },
            {
              "kind": "text",
              "x": 4.8,
              "y": 8.6,
              "content": "T",
              "role": "finger",
              "span": {
                "start": 8,
                "end": 11
              }
            },
            {
              "kind": "text",
              "x": 5.3,
              "y": 2.5,
              "content": "2",
              "role": "fretNumber",
              "span": {
                "start": 12,
                "end": 15
              }
            },
            {
              "kind": "line",
              "x1": 5.3,
              "y1": 3.3,
              "x2": 5.3,
              "y2": 8.0,
              "weight": 0.08
            },
            {
              "kind": "text",
              "x": 5.3,
              "y": 8.6,
              "content": "T",
              "role": "finger",
              "span": {
                "start": 12,
                "end": 15
              }
            },
            {
              "kind": "text",
              "x": 5.8,
              "y": 2.5,
              "content": "0",
              "role": "fretNumber",
              "span": {
                "start": 16,
                "end": 19
              }
            },
            {
              "kind": "line",
              "x1": 5.8,
              "y1": 3.3,
              "x2": 5.8,
              "y2": 8.0,
              "weight": 0.08
            },
            {
              "kind": "text",
              "x": 5.8,
              "y": 8.6,
              "content": "T",
              "role": "finger",
              "span": {
                "start": 16,
                "end": 19
              }
            },
            {
              "kind": "text",
              "x": 6.3,
              "y": 3.5,
              "content": "0",
              "role": "fretNumber",
              "span": {
                "start": 20,
                "end": 23
              }
            },
            {
              "kind": "line",
              "x1": 6.3,
              "y1": 4.3,
              "x2": 6.3,
              "y2": 8.0,
              "weight": 0.08
            },
            {
              "kind": "text",
              "x": 6.3,
              "y": 8.6,
              "content": "T",
              "role": "finger",
              "span": {
                "start": 20,
                "end": 23
              }
            },
            {
              "kind": "text",
              "x": 6.8,
              "y": 4.5,
              "content": "0",
              "role": "fretNumber",
              "span": {
                "start": 24,
                "end": 27
              }
            },
            {
              "kind": "line",
              "x1": 6.8,
              "y1": 5.3,
              "x2": 6.8,
              "y2": 8.0,
              "weight": 0.08
            },
            {
              "kind": "text",
              "x": 6.8,
              "y": 8.6,
              "content": "T",
              "role": "finger",
              "span": {
                "start": 24,
                "end": 27
              }
            },
            {
              "kind": "text",
              "x": 8.8,
              "y": 3.5,
              "content": "1",
              "role": "fretNumber",
              "span": {
                "start": 28,
                "end": 31
              }
            },
            {
              "kind": "line",
              "x1": 8.8,
              "y1": 4.3,
              "x2": 8.8,
              "y2": 8.0,
              "weight": 0.08
            },
            {
              "kind": "text",
              "x": 8.8,
              "y": 8.6,
              "content": "T",
              "role": "finger",
              "span": {
                "start": 28,
                "end": 31
              }
            },
            {
              "kind": "text",
              "x": 9.8,
              "y": 2.5,
              "content": "0",
              "role": "fretNumber",
              "span": {
                "start": 32,
                "end": 35
              }
            },
            {
              "kind": "line",
              "x1": 9.8,
              "y1": 3.3,
              "x2": 9.8,
              "y2": 8.0,
              "weight": 0.08
            },
            {
              "kind": "text",
              "x": 9.8,
              "y": 8.6,
              "content": "T",
              "role": "finger",
              "span": {
                "start": 32,
                "end": 35
              }
            },
            {
              "kind": "line",
              "x1": 2.76,
              "y1": 8.09,
              "x2": 3.84,
              "y2": 8.09,
              "weight": 0.18
            },
            {
              "kind": "line",
              "x1": 4.76,
              "y1": 8.09,
              "x2": 6.34,
              "y2": 8.09,
              "weight": 0.18
            },
            {
              "kind": "line",
              "x1": 8.76,
              "y1": 8.09,
              "x2": 9.84,
              "y2": 8.09,
              "weight": 0.18
            }
          ],
          "span": {
            "start": 0,
            "end": 35
          }
        }
      ]
    }
  ]
}
