---
source: crates/cadtab-core/src/parser.rs
expression: parsed.program
---
Program {
    items: [
        Item {
            kind: Title(
                StringLit {
                    value: "Syntax Showcase",
                    span: Span {
                        start: 9,
                        end: 26,
                    },
                },
            ),
            span: Span {
                start: 0,
                end: 26,
            },
        },
        Item {
            kind: Composer(
                StringLit {
                    value: "cadtab",
                    span: Span {
                        start: 36,
                        end: 44,
                    },
                },
            ),
            span: Span {
                start: 27,
                end: 44,
            },
        },
        Item {
            kind: Tempo(
                IntLit {
                    value: 130,
                    span: Span {
                        start: 54,
                        end: 57,
                    },
                },
            ),
            span: Span {
                start: 45,
                end: 57,
            },
        },
        Item {
            kind: Instrument(
                Ident {
                    name: "banjo",
                    span: Span {
                        start: 70,
                        end: 75,
                    },
                },
            ),
            span: Span {
                start: 59,
                end: 75,
            },
        },
        Item {
            kind: Tuning(
                Ident {
                    name: "openG",
                    span: Span {
                        start: 87,
                        end: 92,
                    },
                },
            ),
            span: Span {
                start: 76,
                end: 92,
            },
        },
        Item {
            kind: Capo(
                StringLit {
                    value: "5th string @ 2",
                    span: Span {
                        start: 98,
                        end: 114,
                    },
                },
            ),
            span: Span {
                start: 93,
                end: 114,
            },
        },
        Item {
            kind: Score(
                Score {
                    items: [
                        ScoreItem {
                            kind: Time(
                                TimeSig {
                                    num: IntLit {
                                        value: 4,
                                        span: Span {
                                            start: 131,
                                            end: 132,
                                        },
                                    },
                                    den: IntLit {
                                        value: 4,
                                        span: Span {
                                            start: 133,
                                            end: 134,
                                        },
                                    },
                                    span: Span {
                                        start: 131,
                                        end: 134,
                                    },
                                },
                            ),
                            span: Span {
                                start: 126,
                                end: 134,
                            },
                        },
                        ScoreItem {
                            kind: Default(
                                Fraction {
                                    num: IntLit {
                                        value: 1,
                                        span: Span {
                                            start: 145,
                                            end: 146,
                                        },
                                    },
                                    den: IntLit {
                                        value: 8,
                                        span: Span {
                                            start: 147,
                                            end: 148,
                                        },
                                    },
                                    span: Span {
                                        start: 145,
                                        end: 148,
                                    },
                                },
                            ),
                            span: Span {
                                start: 137,
                                end: 148,
                            },
                        },
                        ScoreItem {
                            kind: Pickup(
                                Block {
                                    events: [
                                        Event {
                                            kind: Note(
                                                Note {
                                                    head: Expr {
                                                        kind: Position(
                                                            Position {
                                                                string: IntLit {
                                                                    value: 2,
                                                                    span: Span {
                                                                        start: 202,
                                                                        end: 203,
                                                                    },
                                                                },
                                                                fret: IntLit {
                                                                    value: 0,
                                                                    span: Span {
                                                                        start: 204,
                                                                        end: 205,
                                                                    },
                                                                },
                                                                span: Span {
                                                                    start: 202,
                                                                    end: 205,
                                                                },
                                                            },
                                                        ),
                                                        span: Span {
                                                            start: 202,
                                                            end: 205,
                                                        },
                                                    },
                                                    mark: Some(
                                                        Mark {
                                                            kind: Index,
                                                            span: Span {
                                                                start: 205,
                                                                end: 207,
                                                            },
                                                        },
                                                    ),
                                                    duration: None,
                                                },
                                            ),
                                            span: Span {
                                                start: 202,
                                                end: 207,
                                            },
                                        },
                                        Event {
                                            kind: Note(
                                                Note {
                                                    head: Expr {
                                                        kind: Position(
                                                            Position {
                                                                string: IntLit {
                                                                    value: 1,
                                                                    span: Span {
                                                                        start: 208,
                                                                        end: 209,
                                                                    },
                                                                },
                                                                fret: IntLit {
                                                                    value: 0,
                                                                    span: Span {
                                                                        start: 210,
                                                                        end: 211,
                                                                    },
                                                                },
                                                                span: Span {
                                                                    start: 208,
                                                                    end: 211,
                                                                },
                                                            },
                                                        ),
                                                        span: Span {
                                                            start: 208,
                                                            end: 211,
                                                        },
                                                    },
                                                    mark: Some(
                                                        Mark {
                                                            kind: Thumb,
                                                            span: Span {
                                                                start: 211,
                                                                end: 213,
                                                            },
                                                        },
                                                    ),
                                                    duration: None,
                                                },
                                            ),
                                            span: Span {
                                                start: 208,
                                                end: 213,
                                            },
                                        },
                                    ],
                                    span: Span {
                                        start: 200,
                                        end: 215,
                                    },
                                },
                            ),
                            span: Span {
                                start: 193,
                                end: 215,
                            },
                        },
                        ScoreItem {
                            kind: Repeat(
                                Repeat {
                                    body: [
                                        Event {
                                            kind: Note(
                                                Note {
                                                    head: Expr {
                                                        kind: Position(
                                                            Position {
                                                                string: IntLit {
                                                                    value: 3,
                                                                    span: Span {
                                                                        start: 318,
                                                                        end: 319,
                                                                    },
                                                                },
                                                                fret: IntLit {
                                                                    value: 0,
                                                                    span: Span {
                                                                        start: 320,
                                                                        end: 321,
                                                                    },
                                                                },
                                                                span: Span {
                                                                    start: 318,
                                                                    end: 321,
                                                                },
                                                            },
                                                        ),
                                                        span: Span {
                                                            start: 318,
                                                            end: 321,
                                                        },
                                                    },
                                                    mark: Some(
                                                        Mark {
                                                            kind: Thumb,
                                                            span: Span {
                                                                start: 321,
                                                                end: 323,
                                                            },
                                                        },
                                                    ),
                                                    duration: None,
                                                },
                                            ),
                                            span: Span {
                                                start: 318,
                                                end: 323,
                                            },
                                        },
                                        Event {
                                            kind: Note(
                                                Note {
                                                    head: Expr {
                                                        kind: Position(
                                                            Position {
                                                                string: IntLit {
                                                                    value: 2,
                                                                    span: Span {
                                                                        start: 325,
                                                                        end: 326,
                                                                    },
                                                                },
                                                                fret: IntLit {
                                                                    value: 0,
                                                                    span: Span {
                                                                        start: 327,
                                                                        end: 328,
                                                                    },
                                                                },
                                                                span: Span {
                                                                    start: 325,
                                                                    end: 328,
                                                                },
                                                            },
                                                        ),
                                                        span: Span {
                                                            start: 325,
                                                            end: 328,
                                                        },
                                                    },
                                                    mark: Some(
                                                        Mark {
                                                            kind: Index,
                                                            span: Span {
                                                                start: 328,
                                                                end: 330,
                                                            },
                                                        },
                                                    ),
                                                    duration: None,
                                                },
                                            ),
                                            span: Span {
                                                start: 325,
                                                end: 330,
                                            },
                                        },
                                        Event {
                                            kind: Note(
                                                Note {
                                                    head: Expr {
                                                        kind: Position(
                                                            Position {
                                                                string: IntLit {
                                                                    value: 1,
                                                                    span: Span {
                                                                        start: 332,
                                                                        end: 333,
                                                                    },
                                                                },
                                                                fret: IntLit {
                                                                    value: 0,
                                                                    span: Span {
                                                                        start: 334,
                                                                        end: 335,
                                                                    },
                                                                },
                                                                span: Span {
                                                                    start: 332,
                                                                    end: 335,
                                                                },
                                                            },
                                                        ),
                                                        span: Span {
                                                            start: 332,
                                                            end: 335,
                                                        },
                                                    },
                                                    mark: Some(
                                                        Mark {
                                                            kind: Middle,
                                                            span: Span {
                                                                start: 335,
                                                                end: 337,
                                                            },
                                                        },
                                                    ),
                                                    duration: None,
                                                },
                                            ),
                                            span: Span {
                                                start: 332,
                                                end: 337,
                                            },
                                        },
                                        Event {
                                            kind: Note(
                                                Note {
                                                    head: Expr {
                                                        kind: Position(
                                                            Position {
                                                                string: IntLit {
                                                                    value: 5,
                                                                    span: Span {
                                                                        start: 340,
                                                                        end: 341,
                                                                    },
                                                                },
                                                                fret: IntLit {
                                                                    value: 0,
                                                                    span: Span {
                                                                        start: 342,
                                                                        end: 343,
                                                                    },
                                                                },
                                                                span: Span {
                                                                    start: 340,
                                                                    end: 343,
                                                                },
                                                            },
                                                        ),
                                                        span: Span {
                                                            start: 340,
                                                            end: 343,
                                                        },
                                                    },
                                                    mark: Some(
                                                        Mark {
                                                            kind: Thumb,
                                                            span: Span {
                                                                start: 343,
                                                                end: 345,
                                                            },
                                                        },
                                                    ),
                                                    duration: None,
                                                },
                                            ),
                                            span: Span {
                                                start: 340,
                                                end: 345,
                                            },
                                        },
                                        Event {
                                            kind: Note(
                                                Note {
                                                    head: Expr {
                                                        kind: Position(
                                                            Position {
                                                                string: IntLit {
                                                                    value: 3,
                                                                    span: Span {
                                                                        start: 347,
                                                                        end: 348,
                                                                    },
                                                                },
                                                                fret: IntLit {
                                                                    value: 0,
                                                                    span: Span {
                                                                        start: 349,
                                                                        end: 350,
                                                                    },
                                                                },
                                                                span: Span {
                                                                    start: 347,
                                                                    end: 350,
                                                                },
                                                            },
                                                        ),
                                                        span: Span {
                                                            start: 347,
                                                            end: 350,
                                                        },
                                                    },
                                                    mark: Some(
                                                        Mark {
                                                            kind: Index,
                                                            span: Span {
                                                                start: 350,
                                                                end: 352,
                                                            },
                                                        },
                                                    ),
                                                    duration: None,
                                                },
                                            ),
                                            span: Span {
                                                start: 347,
                                                end: 352,
                                            },
                                        },
                                        Event {
                                            kind: Note(
                                                Note {
                                                    head: Expr {
                                                        kind: Position(
                                                            Position {
                                                                string: IntLit {
                                                                    value: 1,
                                                                    span: Span {
                                                                        start: 354,
                                                                        end: 355,
                                                                    },
                                                                },
                                                                fret: IntLit {
                                                                    value: 0,
                                                                    span: Span {
                                                                        start: 356,
                                                                        end: 357,
                                                                    },
                                                                },
                                                                span: Span {
                                                                    start: 354,
                                                                    end: 357,
                                                                },
                                                            },
                                                        ),
                                                        span: Span {
                                                            start: 354,
                                                            end: 357,
                                                        },
                                                    },
                                                    mark: Some(
                                                        Mark {
                                                            kind: Middle,
                                                            span: Span {
                                                                start: 357,
                                                                end: 359,
                                                            },
                                                        },
                                                    ),
                                                    duration: None,
                                                },
                                            ),
                                            span: Span {
                                                start: 354,
                                                end: 359,
                                            },
                                        },
                                        Event {
                                            kind: Chord(
                                                Chord {
                                                    notes: [
                                                        ChordNote {
                                                            position: Position {
                                                                string: IntLit {
                                                                    value: 1,
                                                                    span: Span {
                                                                        start: 388,
                                                                        end: 389,
                                                                    },
                                                                },
                                                                fret: IntLit {
                                                                    value: 0,
                                                                    span: Span {
                                                                        start: 390,
                                                                        end: 391,
                                                                    },
                                                                },
                                                                span: Span {
                                                                    start: 388,
                                                                    end: 391,
                                                                },
                                                            },
                                                            mark: Some(
                                                                Mark {
                                                                    kind: Middle,
                                                                    span: Span {
                                                                        start: 391,
                                                                        end: 393,
                                                                    },
                                                                },
                                                            ),
                                                            span: Span {
                                                                start: 388,
                                                                end: 393,
                                                            },
                                                        },
                                                        ChordNote {
                                                            position: Position {
                                                                string: IntLit {
                                                                    value: 5,
                                                                    span: Span {
                                                                        start: 394,
                                                                        end: 395,
                                                                    },
                                                                },
                                                                fret: IntLit {
                                                                    value: 0,
                                                                    span: Span {
                                                                        start: 396,
                                                                        end: 397,
                                                                    },
                                                                },
                                                                span: Span {
                                                                    start: 394,
                                                                    end: 397,
                                                                },
                                                            },
                                                            mark: Some(
                                                                Mark {
                                                                    kind: Thumb,
                                                                    span: Span {
                                                                        start: 397,
                                                                        end: 399,
                                                                    },
                                                                },
                                                            ),
                                                            span: Span {
                                                                start: 394,
                                                                end: 399,
                                                            },
                                                        },
                                                    ],
                                                    duration: Some(
                                                        Duration {
                                                            denom: IntLit {
                                                                value: 4,
                                                                span: Span {
                                                                    start: 401,
                                                                    end: 402,
                                                                },
                                                            },
                                                            dots: 0,
                                                            span: Span {
                                                                start: 400,
                                                                end: 402,
                                                            },
                                                        },
                                                    ),
                                                },
                                            ),
                                            span: Span {
                                                start: 387,
                                                end: 402,
                                            },
                                        },
                                    ],
                                    endings: [
                                        Ending {
                                            number: IntLit {
                                                value: 1,
                                                span: Span {
                                                    start: 451,
                                                    end: 452,
                                                },
                                            },
                                            body: Block {
                                                events: [
                                                    Event {
                                                        kind: Rest(
                                                            Rest {
                                                                duration: Some(
                                                                    Duration {
                                                                        denom: IntLit {
                                                                            value: 8,
                                                                            span: Span {
                                                                                start: 458,
                                                                                end: 459,
                                                                            },
                                                                        },
                                                                        dots: 0,
                                                                        span: Span {
                                                                            start: 457,
                                                                            end: 459,
                                                                        },
                                                                    },
                                                                ),
                                                            },
                                                        ),
                                                        span: Span {
                                                            start: 456,
                                                            end: 459,
                                                        },
                                                    },
                                                    Event {
                                                        kind: Tie(
                                                            Tie {
                                                                left: Event {
                                                                    kind: Note(
                                                                        Note {
                                                                            head: Expr {
                                                                                kind: Position(
                                                                                    Position {
                                                                                        string: IntLit {
                                                                                            value: 3,
                                                                                            span: Span {
                                                                                                start: 461,
                                                                                                end: 462,
                                                                                            },
                                                                                        },
                                                                                        fret: IntLit {
                                                                                            value: 2,
                                                                                            span: Span {
                                                                                                start: 463,
                                                                                                end: 464,
                                                                                            },
                                                                                        },
                                                                                        span: Span {
                                                                                            start: 461,
                                                                                            end: 464,
                                                                                        },
                                                                                    },
                                                                                ),
                                                                                span: Span {
                                                                                    start: 461,
                                                                                    end: 464,
                                                                                },
                                                                            },
                                                                            mark: None,
                                                                            duration: None,
                                                                        },
                                                                    ),
                                                                    span: Span {
                                                                        start: 461,
                                                                        end: 464,
                                                                    },
                                                                },
                                                                right: Event {
                                                                    kind: Note(
                                                                        Note {
                                                                            head: Expr {
                                                                                kind: Position(
                                                                                    Position {
                                                                                        string: IntLit {
                                                                                            value: 3,
                                                                                            span: Span {
                                                                                                start: 467,
                                                                                                end: 468,
                                                                                            },
                                                                                        },
                                                                                        fret: IntLit {
                                                                                            value: 2,
                                                                                            span: Span {
                                                                                                start: 469,
                                                                                                end: 470,
                                                                                            },
                                                                                        },
                                                                                        span: Span {
                                                                                            start: 467,
                                                                                            end: 470,
                                                                                        },
                                                                                    },
                                                                                ),
                                                                                span: Span {
                                                                                    start: 467,
                                                                                    end: 470,
                                                                                },
                                                                            },
                                                                            mark: None,
                                                                            duration: None,
                                                                        },
                                                                    ),
                                                                    span: Span {
                                                                        start: 467,
                                                                        end: 470,
                                                                    },
                                                                },
                                                            },
                                                        ),
                                                        span: Span {
                                                            start: 461,
                                                            end: 470,
                                                        },
                                                    },
                                                ],
                                                span: Span {
                                                    start: 454,
                                                    end: 472,
                                                },
                                            },
                                            span: Span {
                                                start: 444,
                                                end: 472,
                                            },
                                        },
                                        Ending {
                                            number: IntLit {
                                                value: 2,
                                                span: Span {
                                                    start: 515,
                                                    end: 516,
                                                },
                                            },
                                            body: Block {
                                                events: [
                                                    Event {
                                                        kind: Note(
                                                            Note {
                                                                head: Expr {
                                                                    kind: Position(
                                                                        Position {
                                                                            string: IntLit {
                                                                                value: 1,
                                                                                span: Span {
                                                                                    start: 520,
                                                                                    end: 521,
                                                                                },
                                                                            },
                                                                            fret: IntLit {
                                                                                value: 0,
                                                                                span: Span {
                                                                                    start: 522,
                                                                                    end: 523,
                                                                                },
                                                                            },
                                                                            span: Span {
                                                                                start: 520,
                                                                                end: 523,
                                                                            },
                                                                        },
                                                                    ),
                                                                    span: Span {
                                                                        start: 520,
                                                                        end: 523,
                                                                    },
                                                                },
                                                                mark: Some(
                                                                    Mark {
                                                                        kind: Middle,
                                                                        span: Span {
                                                                            start: 523,
                                                                            end: 525,
                                                                        },
                                                                    },
                                                                ),
                                                                duration: None,
                                                            },
                                                        ),
                                                        span: Span {
                                                            start: 520,
                                                            end: 525,
                                                        },
                                                    },
                                                    Event {
                                                        kind: Note(
                                                            Note {
                                                                head: Expr {
                                                                    kind: Position(
                                                                        Position {
                                                                            string: IntLit {
                                                                                value: 1,
                                                                                span: Span {
                                                                                    start: 526,
                                                                                    end: 527,
                                                                                },
                                                                            },
                                                                            fret: IntLit {
                                                                                value: 0,
                                                                                span: Span {
                                                                                    start: 528,
                                                                                    end: 529,
                                                                                },
                                                                            },
                                                                            span: Span {
                                                                                start: 526,
                                                                                end: 529,
                                                                            },
                                                                        },
                                                                    ),
                                                                    span: Span {
                                                                        start: 526,
                                                                        end: 529,
                                                                    },
                                                                },
                                                                mark: Some(
                                                                    Mark {
                                                                        kind: Middle,
                                                                        span: Span {
                                                                            start: 529,
                                                                            end: 531,
                                                                        },
                                                                    },
                                                                ),
                                                                duration: None,
                                                            },
                                                        ),
                                                        span: Span {
                                                            start: 526,
                                                            end: 531,
                                                        },
                                                    },
                                                ],
                                                span: Span {
                                                    start: 518,
                                                    end: 533,
                                                },
                                            },
                                            span: Span {
                                                start: 508,
                                                end: 533,
                                            },
                                        },
                                    ],
                                },
                            ),
                            span: Span {
                                start: 249,
                                end: 554,
                            },
                        },
                        ScoreItem {
                            kind: Loop(
                                LoopBlock {
                                    count: IntLit {
                                        value: 2,
                                        span: Span {
                                            start: 563,
                                            end: 564,
                                        },
                                    },
                                    body: Block {
                                        events: [
                                            Event {
                                                kind: Note(
                                                    Note {
                                                        head: Expr {
                                                            kind: Position(
                                                                Position {
                                                                    string: IntLit {
                                                                        value: 3,
                                                                        span: Span {
                                                                            start: 567,
                                                                            end: 568,
                                                                        },
                                                                    },
                                                                    fret: IntLit {
                                                                        value: 2,
                                                                        span: Span {
                                                                            start: 569,
                                                                            end: 570,
                                                                        },
                                                                    },
                                                                    span: Span {
                                                                        start: 567,
                                                                        end: 570,
                                                                    },
                                                                },
                                                            ),
                                                            span: Span {
                                                                start: 567,
                                                                end: 570,
                                                            },
                                                        },
                                                        mark: None,
                                                        duration: None,
                                                    },
                                                ),
                                                span: Span {
                                                    start: 567,
                                                    end: 570,
                                                },
                                            },
                                            Event {
                                                kind: Note(
                                                    Note {
                                                        head: Expr {
                                                            kind: Position(
                                                                Position {
                                                                    string: IntLit {
                                                                        value: 3,
                                                                        span: Span {
                                                                            start: 571,
                                                                            end: 572,
                                                                        },
                                                                    },
                                                                    fret: IntLit {
                                                                        value: 4,
                                                                        span: Span {
                                                                            start: 573,
                                                                            end: 574,
                                                                        },
                                                                    },
                                                                    span: Span {
                                                                        start: 571,
                                                                        end: 574,
                                                                    },
                                                                },
                                                            ),
                                                            span: Span {
                                                                start: 571,
                                                                end: 574,
                                                            },
                                                        },
                                                        mark: None,
                                                        duration: None,
                                                    },
                                                ),
                                                span: Span {
                                                    start: 571,
                                                    end: 574,
                                                },
                                            },
                                        ],
                                        span: Span {
                                            start: 565,
                                            end: 576,
                                        },
                                    },
                                },
                            ),
                            span: Span {
                                start: 558,
                                end: 576,
                            },
                        },
                        ScoreItem {
                            kind: Measure(
                                Block {
                                    events: [
                                        Event {
                                            kind: Phrase(
                                                Expr {
                                                    kind: Call {
                                                        callee: Expr {
                                                            kind: Ident(
                                                                "hammer",
                                                            ),
                                                            span: Span {
                                                                start: 683,
                                                                end: 689,
                                                            },
                                                        },
                                                        args: [
                                                            Expr {
                                                                kind: Position(
                                                                    Position {
                                                                        string: IntLit {
                                                                            value: 3,
                                                                            span: Span {
                                                                                start: 690,
                                                                                end: 691,
                                                                            },
                                                                        },
                                                                        fret: IntLit {
                                                                            value: 0,
                                                                            span: Span {
                                                                                start: 692,
                                                                                end: 693,
                                                                            },
                                                                        },
                                                                        span: Span {
                                                                            start: 690,
                                                                            end: 693,
                                                                        },
                                                                    },
                                                                ),
                                                                span: Span {
                                                                    start: 690,
                                                                    end: 693,
                                                                },
                                                            },
                                                            Expr {
                                                                kind: Position(
                                                                    Position {
                                                                        string: IntLit {
                                                                            value: 3,
                                                                            span: Span {
                                                                                start: 695,
                                                                                end: 696,
                                                                            },
                                                                        },
                                                                        fret: IntLit {
                                                                            value: 2,
                                                                            span: Span {
                                                                                start: 697,
                                                                                end: 698,
                                                                            },
                                                                        },
                                                                        span: Span {
                                                                            start: 695,
                                                                            end: 698,
                                                                        },
                                                                    },
                                                                ),
                                                                span: Span {
                                                                    start: 695,
                                                                    end: 698,
                                                                },
                                                            },
                                                        ],
                                                    },
                                                    span: Span {
                                                        start: 683,
                                                        end: 699,
                                                    },
                                                },
                                            ),
                                            span: Span {
                                                start: 683,
                                                end: 699,
                                            },
                                        },
                                        Event {
                                            kind: Phrase(
                                                Expr {
                                                    kind: Call {
                                                        callee: Expr {
                                                            kind: Ident(
                                                                "bend",
                                                            ),
                                                            span: Span {
                                                                start: 738,
                                                                end: 742,
                                                            },
                                                        },
                                                        args: [
                                                            Expr {
                                                                kind: Position(
                                                                    Position {
                                                                        string: IntLit {
                                                                            value: 1,
                                                                            span: Span {
                                                                                start: 743,
                                                                                end: 744,
                                                                            },
                                                                        },
                                                                        fret: IntLit {
                                                                            value: 7,
                                                                            span: Span {
                                                                                start: 745,
                                                                                end: 746,
                                                                            },
                                                                        },
                                                                        span: Span {
                                                                            start: 743,
                                                                            end: 746,
                                                                        },
                                                                    },
                                                                ),
                                                                span: Span {
                                                                    start: 743,
                                                                    end: 746,
                                                                },
                                                            },
                                                        ],
                                                    },
                                                    span: Span {
                                                        start: 738,
                                                        end: 747,
                                                    },
                                                },
                                            ),
                                            span: Span {
                                                start: 738,
                                                end: 747,
                                            },
                                        },
                                    ],
                                    span: Span {
                                        start: 632,
                                        end: 751,
                                    },
                                },
                            ),
                            span: Span {
                                start: 624,
                                end: 751,
                            },
                        },
                    ],
                },
            ),
            span: Span {
                start: 116,
                end: 753,
            },
        },
    ],
    span: Span {
        start: 0,
        end: 754,
    },
}
