---
source: crates/cadtab-core/src/lib.rs
expression: "serde_json::to_string_pretty(&result).unwrap()"
---
{
  "renderTree": {
    "meta": {
      "width": 11.0,
      "height": 13.2
    },
    "header": [
      {
        "kind": "text",
        "x": 2.0,
        "y": 2.0,
        "content": "Open G",
        "role": "tuningName",
        "span": null
      },
      {
        "kind": "text",
        "x": 2.0,
        "y": 3.0,
        "content": "①=D",
        "role": "tuningString",
        "span": null
      },
      {
        "kind": "text",
        "x": 2.0,
        "y": 4.0,
        "content": "②=B",
        "role": "tuningString",
        "span": null
      },
      {
        "kind": "text",
        "x": 4.8,
        "y": 3.0,
        "content": "③=G",
        "role": "tuningString",
        "span": null
      },
      {
        "kind": "text",
        "x": 4.8,
        "y": 4.0,
        "content": "④=D",
        "role": "tuningString",
        "span": null
      },
      {
        "kind": "text",
        "x": 7.6,
        "y": 3.0,
        "content": "⑤=g",
        "role": "tuningString",
        "span": null
      }
    ],
    "systems": [
      {
        "bounds": {
          "x": 0.0,
          "y": 6.4,
          "w": 11.0,
          "h": 4.0
        },
        "prims": [
          {
            "kind": "line",
            "x1": 2.0,
            "y1": 6.4,
            "x2": 7.2000003,
            "y2": 6.4,
            "weight": 0.06
          },
          {
            "kind": "line",
            "x1": 2.0,
            "y1": 7.4,
            "x2": 7.2000003,
            "y2": 7.4,
            "weight": 0.06
          },
          {
            "kind": "line",
            "x1": 2.0,
            "y1": 8.4,
            "x2": 3.8000002,
            "y2": 8.4,
            "weight": 0.06
          },
          {
            "kind": "line",
            "x1": 5.0,
            "y1": 8.4,
            "x2": 7.2000003,
            "y2": 8.4,
            "weight": 0.06
          },
          {
            "kind": "line",
            "x1": 2.0,
            "y1": 9.4,
            "x2": 7.2000003,
            "y2": 9.4,
            "weight": 0.06
          },
          {
            "kind": "line",
            "x1": 2.0,
            "y1": 10.4,
            "x2": 7.2000003,
            "y2": 10.4,
            "weight": 0.06
          },
          {
            "kind": "line",
            "x1": 2.0,
            "y1": 6.4,
            "x2": 2.0,
            "y2": 10.4,
            "weight": 0.1
          },
          {
            "kind": "line",
            "x1": 7.2000003,
            "y1": 6.4,
            "x2": 7.2000003,
            "y2": 10.4,
            "weight": 0.1
          },
          {
            "kind": "text",
            "x": 2.0,
            "y": 5.95,
            "content": "1",
            "role": "barNumber",
            "span": null
          }
        ],
        "measures": [
          {
            "bounds": {
              "x": 2.0,
              "y": 6.4,
              "w": 5.2000003,
              "h": 4.0
            },
            "prims": [
              {
                "kind": "text",
                "x": 3.2,
                "y": 7.8999996,
                "content": "4",
                "role": "timeSig",
                "span": null
              },
              {
                "kind": "text",
                "x": 3.2,
                "y": 8.9,
                "content": "4",
                "role": "timeSig",
                "span": null
              },
              {
                "kind": "text",
                "x": 4.4,
                "y": 8.4,
                "content": "0",
                "role": "fretNumber",
                "span": {
                  "start": 8,
                  "end": 11
                }
              },
              {
                "kind": "line",
                "x1": 4.4,
                "y1": 9.2,
                "x2": 4.4,
                "y2": 11.9,
                "weight": 0.08
              }
            ],
            "span": {
              "start": 8,
              "end": 11
            }
          }
        ]
      }
    ]
  },
  "diagnostics": [
    {
      "severity": "warning",
      "span": {
        "start": 8,
        "end": 11
      },
      "message": "this bar is under-full",
      "help": "a 4/4 bar holds 1/1, but this one holds 1/4"
    }
  ],
  "tokens": [
    {
      "class": "keyword",
      "span": {
        "start": 0,
        "end": 5
      }
    },
    {
      "class": "punctuation",
      "span": {
        "start": 6,
        "end": 7
      }
    },
    {
      "class": "number",
      "span": {
        "start": 8,
        "end": 9
      }
    },
    {
      "class": "operator",
      "span": {
        "start": 9,
        "end": 10
      }
    },
    {
      "class": "number",
      "span": {
        "start": 10,
        "end": 11
      }
    },
    {
      "class": "punctuation",
      "span": {
        "start": 12,
        "end": 13
      }
    }
  ]
}
