---
source: crates/cadtab-core/src/layout.rs
expression: "serde_json::to_string_pretty(&tree).unwrap()"
---
{
  "meta": {
    "width": 800.0,
    "height": 13.5
  },
  "header": [
    {
      "kind": "text",
      "x": 2.0,
      "y": 2.0,
      "content": "Open G",
      "role": "tuningName",
      "span": null
    },
    {
      "kind": "text",
      "x": 2.0,
      "y": 3.0,
      "content": "①=D",
      "role": "tuningString",
      "span": null
    },
    {
      "kind": "text",
      "x": 2.0,
      "y": 4.0,
      "content": "②=B",
      "role": "tuningString",
      "span": null
    },
    {
      "kind": "text",
      "x": 4.8,
      "y": 3.0,
      "content": "③=G",
      "role": "tuningString",
      "span": null
    },
    {
      "kind": "text",
      "x": 4.8,
      "y": 4.0,
      "content": "④=D",
      "role": "tuningString",
      "span": null
    },
    {
      "kind": "text",
      "x": 7.6,
      "y": 3.0,
      "content": "⑤=g",
      "role": "tuningString",
      "span": null
    }
  ],
  "systems": [
    {
      "bounds": {
        "x": 0.0,
        "y": 6.7,
        "w": 800.0,
        "h": 4.0
      },
      "prims": [
        {
          "kind": "line",
          "x1": 2.0,
          "y1": 6.7,
          "x2": 444.1778,
          "y2": 6.7,
          "weight": 0.06
        },
        {
          "kind": "line",
          "x1": 445.3778,
          "y1": 6.7,
          "x2": 643.4278,
          "y2": 6.7,
          "weight": 0.06
        },
        {
          "kind": "line",
          "x1": 644.62775,
          "y1": 6.7,
          "x2": 799.0,
          "y2": 6.7,
          "weight": 0.06
        },
        {
          "kind": "line",
          "x1": 2.0,
          "y1": 7.7,
          "x2": 244.9278,
          "y2": 7.7,
          "weight": 0.06
        },
        {
          "kind": "line",
          "x1": 246.1278,
          "y1": 7.7,
          "x2": 799.0,
          "y2": 7.7,
          "weight": 0.06
        },
        {
          "kind": "line",
          "x1": 2.0,
          "y1": 8.7,
          "x2": 134.23334,
          "y2": 8.7,
          "weight": 0.06
        },
        {
          "kind": "line",
          "x1": 135.43335,
          "y1": 8.7,
          "x2": 799.0,
          "y2": 8.7,
          "weight": 0.06
        },
        {
          "kind": "line",
          "x1": 2.0,
          "y1": 9.7,
          "x2": 799.0,
          "y2": 9.7,
          "weight": 0.06
        },
        {
          "kind": "line",
          "x1": 2.0,
          "y1": 10.7,
          "x2": 799.0,
          "y2": 10.7,
          "weight": 0.06
        },
        {
          "kind": "line",
          "x1": 2.0,
          "y1": 6.7,
          "x2": 2.0,
          "y2": 10.7,
          "weight": 0.25
        },
        {
          "kind": "line",
          "x1": 2.22,
          "y1": 6.7,
          "x2": 2.22,
          "y2": 10.7,
          "weight": 0.1
        },
        {
          "kind": "path",
          "cmds": "M 2.3200002 8.2 a 0.12 0.12 0 1 0 0.24 0 a 0.12 0.12 0 1 0 -0.24 0 z",
          "span": null
        },
        {
          "kind": "path",
          "cmds": "M 2.3200002 9.2 a 0.12 0.12 0 1 0 0.24 0 a 0.12 0.12 0 1 0 -0.24 0 z",
          "span": null
        },
        {
          "kind": "line",
          "x1": 400.50003,
          "y1": 6.7,
          "x2": 400.50003,
          "y2": 10.7,
          "weight": 0.1
        },
        {
          "kind": "line",
          "x1": 599.75,
          "y1": 6.7,
          "x2": 599.75,
          "y2": 10.7,
          "weight": 0.25
        },
        {
          "kind": "line",
          "x1": 599.53,
          "y1": 6.7,
          "x2": 599.53,
          "y2": 10.7,
          "weight": 0.1
        },
        {
          "kind": "path",
          "cmds": "M 599.19 8.2 a 0.12 0.12 0 1 0 0.24 0 a 0.12 0.12 0 1 0 -0.24 0 z",
          "span": null
        },
        {
          "kind": "path",
          "cmds": "M 599.19 9.2 a 0.12 0.12 0 1 0 0.24 0 a 0.12 0.12 0 1 0 -0.24 0 z",
          "span": null
        },
        {
          "kind": "line",
          "x1": 799.0,
          "y1": 6.7,
          "x2": 799.0,
          "y2": 10.7,
          "weight": 0.1
        },
        {
          "kind": "line",
          "x1": 400.50003,
          "y1": 5.8999996,
          "x2": 599.75,
          "y2": 5.8999996,
          "weight": 0.1
        },
        {
          "kind": "line",
          "x1": 400.50003,
          "y1": 5.8999996,
          "x2": 400.50003,
          "y2": 6.6,
          "weight": 0.1
        },
        {
          "kind": "text",
          "x": 401.00003,
          "y": 6.2999997,
          "content": "1",
          "role": "ending",
          "span": null
        },
        {
          "kind": "line",
          "x1": 599.75,
          "y1": 5.8999996,
          "x2": 799.0,
          "y2": 5.8999996,
          "weight": 0.1
        },
        {
          "kind": "line",
          "x1": 599.75,
          "y1": 5.8999996,
          "x2": 599.75,
          "y2": 6.6,
          "weight": 0.1
        },
        {
          "kind": "text",
          "x": 600.25,
          "y": 6.2999997,
          "content": "2",
          "role": "ending",
          "span": null
        }
      ],
      "measures": [
        {
          "bounds": {
            "x": 2.0,
            "y": 6.7,
            "w": 398.50003,
            "h": 4.0
          },
          "prims": [
            {
              "kind": "text",
              "x": 3.2,
              "y": 8.2,
              "content": "4",
              "role": "timeSig",
              "span": null
            },
            {
              "kind": "text",
              "x": 3.2,
              "y": 9.2,
              "content": "4",
              "role": "timeSig",
              "span": null
            },
            {
              "kind": "text",
              "x": 134.83334,
              "y": 8.7,
              "content": "0",
              "role": "fretNumber",
              "span": {
                "start": 0,
                "end": 3
              }
            },
            {
              "kind": "line",
              "x1": 134.83334,
              "y1": 9.5,
              "x2": 134.83334,
              "y2": 12.2,
              "weight": 0.08
            },
            {
              "kind": "text",
              "x": 134.83334,
              "y": 12.8,
              "content": "T",
              "role": "finger",
              "span": {
                "start": 0,
                "end": 3
              }
            },
            {
              "kind": "text",
              "x": 245.5278,
              "y": 7.7,
              "content": "0",
              "role": "fretNumber",
              "span": {
                "start": 4,
                "end": 7
              }
            },
            {
              "kind": "line",
              "x1": 245.5278,
              "y1": 8.5,
              "x2": 245.5278,
              "y2": 12.2,
              "weight": 0.08
            },
            {
              "kind": "text",
              "x": 245.5278,
              "y": 12.8,
              "content": "T",
              "role": "finger",
              "span": {
                "start": 4,
                "end": 7
              }
            }
          ],
          "span": {
            "start": 0,
            "end": 7
          }
        },
        {
          "bounds": {
            "x": 400.50003,
            "y": 6.7,
            "w": 199.25,
            "h": 4.0
          },
          "prims": [
            {
              "kind": "text",
              "x": 444.7778,
              "y": 6.7,
              "content": "0",
              "role": "fretNumber",
              "span": {
                "start": 8,
                "end": 11
              }
            },
            {
              "kind": "line",
              "x1": 444.7778,
              "y1": 7.5,
              "x2": 444.7778,
              "y2": 12.2,
              "weight": 0.08
            },
            {
              "kind": "text",
              "x": 444.7778,
              "y": 12.8,
              "content": "T",
              "role": "finger",
              "span": {
                "start": 8,
                "end": 11
              }
            }
          ],
          "span": {
            "start": 8,
            "end": 11
          }
        },
        {
          "bounds": {
            "x": 599.75,
            "y": 6.7,
            "w": 199.25,
            "h": 4.0
          },
          "prims": [
            {
              "kind": "text",
              "x": 644.0278,
              "y": 6.7,
              "content": "2",
              "role": "fretNumber",
              "span": {
                "start": 12,
                "end": 15
              }
            },
            {
              "kind": "line",
              "x1": 644.0278,
              "y1": 7.5,
              "x2": 644.0278,
              "y2": 12.2,
              "weight": 0.08
            },
            {
              "kind": "text",
              "x": 644.0278,
              "y": 12.8,
              "content": "T",
              "role": "finger",
              "span": {
                "start": 12,
                "end": 15
              }
            }
          ],
          "span": {
            "start": 12,
            "end": 15
          }
        }
      ]
    }
  ]
}
