---
source: crates/cadtab-core/src/layout.rs
expression: "serde_json::to_string_pretty(&tree).unwrap()"
---
{
  "meta": {
    "width": 14.2,
    "height": 11.3
  },
  "header": [
    {
      "kind": "text",
      "x": 7.1,
      "y": 1.5,
      "content": "Syntax Showcase",
      "role": "title",
      "span": null
    },
    {
      "kind": "text",
      "x": 7.1,
      "y": 3.0,
      "content": "♩ = 120 · banjo · gDGBD",
      "role": "details",
      "span": null
    }
  ],
  "systems": [
    {
      "bounds": {
        "x": 0.0,
        "y": 4.5,
        "w": 14.2,
        "h": 4.0
      },
      "prims": [
        {
          "kind": "line",
          "x1": 2.0,
          "y1": 4.5,
          "x2": 7.7999997,
          "y2": 4.5,
          "weight": 0.06
        },
        {
          "kind": "line",
          "x1": 9.0,
          "y1": 4.5,
          "x2": 13.2,
          "y2": 4.5,
          "weight": 0.06
        },
        {
          "kind": "line",
          "x1": 2.0,
          "y1": 5.5,
          "x2": 5.8,
          "y2": 5.5,
          "weight": 0.06
        },
        {
          "kind": "line",
          "x1": 7.0,
          "y1": 5.5,
          "x2": 13.2,
          "y2": 5.5,
          "weight": 0.06
        },
        {
          "kind": "line",
          "x1": 2.0,
          "y1": 6.5,
          "x2": 3.8000002,
          "y2": 6.5,
          "weight": 0.06
        },
        {
          "kind": "line",
          "x1": 5.0,
          "y1": 6.5,
          "x2": 13.2,
          "y2": 6.5,
          "weight": 0.06
        },
        {
          "kind": "line",
          "x1": 2.0,
          "y1": 7.5,
          "x2": 13.2,
          "y2": 7.5,
          "weight": 0.06
        },
        {
          "kind": "line",
          "x1": 2.0,
          "y1": 8.5,
          "x2": 9.799999,
          "y2": 8.5,
          "weight": 0.06
        },
        {
          "kind": "line",
          "x1": 11.0,
          "y1": 8.5,
          "x2": 13.2,
          "y2": 8.5,
          "weight": 0.06
        },
        {
          "kind": "line",
          "x1": 2.0,
          "y1": 4.5,
          "x2": 2.0,
          "y2": 8.5,
          "weight": 0.1
        },
        {
          "kind": "line",
          "x1": 13.2,
          "y1": 4.5,
          "x2": 13.2,
          "y2": 8.5,
          "weight": 0.1
        }
      ],
      "measures": [
        {
          "bounds": {
            "x": 2.0,
            "y": 4.5,
            "w": 11.2,
            "h": 4.0
          },
          "prims": [
            {
              "kind": "text",
              "x": 3.2,
              "y": 6.0,
              "content": "4",
              "role": "timeSig",
              "span": null
            },
            {
              "kind": "text",
              "x": 3.2,
              "y": 7.0,
              "content": "4",
              "role": "timeSig",
              "span": null
            },
            {
              "kind": "text",
              "x": 4.4,
              "y": 6.5,
              "content": "0",
              "role": "fretNumber",
              "span": {
                "start": 0,
                "end": 3
              }
            },
            {
              "kind": "line",
              "x1": 4.4,
              "y1": 7.3,
              "x2": 4.4,
              "y2": 10.0,
              "weight": 0.08
            },
            {
              "kind": "text",
              "x": 4.4,
              "y": 10.6,
              "content": "T",
              "role": "finger",
              "span": {
                "start": 0,
                "end": 3
              }
            },
            {
              "kind": "text",
              "x": 6.4,
              "y": 5.5,
              "content": "1",
              "role": "fretNumber",
              "span": {
                "start": 4,
                "end": 7
              }
            },
            {
              "kind": "line",
              "x1": 6.4,
              "y1": 6.3,
              "x2": 6.4,
              "y2": 10.0,
              "weight": 0.08
            },
            {
              "kind": "text",
              "x": 6.4,
              "y": 10.6,
              "content": "T",
              "role": "finger",
              "span": {
                "start": 4,
                "end": 7
              }
            },
            {
              "kind": "text",
              "x": 8.4,
              "y": 4.5,
              "content": "2",
              "role": "fretNumber",
              "span": {
                "start": 8,
                "end": 11
              }
            },
            {
              "kind": "line",
              "x1": 8.4,
              "y1": 5.3,
              "x2": 8.4,
              "y2": 10.0,
              "weight": 0.08
            },
            {
              "kind": "text",
              "x": 8.4,
              "y": 10.6,
              "content": "T",
              "role": "finger",
              "span": {
                "start": 8,
                "end": 11
              }
            },
            {
              "kind": "text",
              "x": 10.4,
              "y": 8.5,
              "content": "0",
              "role": "fretNumber",
              "span": {
                "start": 12,
                "end": 15
              }
            },
            {
              "kind": "line",
              "x1": 10.4,
              "y1": 9.3,
              "x2": 10.4,
              "y2": 10.0,
              "weight": 0.08
            },
            {
              "kind": "text",
              "x": 10.4,
              "y": 10.6,
              "content": "T",
              "role": "finger",
              "span": {
                "start": 12,
                "end": 15
              }
            }
          ],
          "span": {
            "start": 0,
            "end": 15
          }
        }
      ]
    }
  ]
}
