---
source: crates/cadtab-core/src/layout.rs
expression: "serde_json::to_string_pretty(&tree).unwrap()"
---
{
  "meta": {
    "width": 11.8,
    "height": 16.8
  },
  "header": [
    {
      "kind": "text",
      "x": 5.9,
      "y": 1.0,
      "content": "banjo · gDGBD",
      "role": "details",
      "span": null
    }
  ],
  "systems": [
    {
      "bounds": {
        "x": 0.0,
        "y": 2.5,
        "w": 11.8,
        "h": 4.0
      },
      "prims": [
        {
          "kind": "line",
          "x1": 2.0,
          "y1": 2.5,
          "x2": 10.8,
          "y2": 2.5,
          "weight": 0.06
        },
        {
          "kind": "line",
          "x1": 2.0,
          "y1": 3.5,
          "x2": 10.8,
          "y2": 3.5,
          "weight": 0.06
        },
        {
          "kind": "line",
          "x1": 2.0,
          "y1": 4.5,
          "x2": 3.8000002,
          "y2": 4.5,
          "weight": 0.06
        },
        {
          "kind": "line",
          "x1": 5.0,
          "y1": 4.5,
          "x2": 7.4,
          "y2": 4.5,
          "weight": 0.06
        },
        {
          "kind": "line",
          "x1": 8.6,
          "y1": 4.5,
          "x2": 10.8,
          "y2": 4.5,
          "weight": 0.06
        },
        {
          "kind": "line",
          "x1": 2.0,
          "y1": 5.5,
          "x2": 10.8,
          "y2": 5.5,
          "weight": 0.06
        },
        {
          "kind": "line",
          "x1": 2.0,
          "y1": 6.5,
          "x2": 10.8,
          "y2": 6.5,
          "weight": 0.06
        },
        {
          "kind": "line",
          "x1": 2.0,
          "y1": 2.5,
          "x2": 2.0,
          "y2": 6.5,
          "weight": 0.1
        },
        {
          "kind": "line",
          "x1": 7.2000003,
          "y1": 2.5,
          "x2": 7.2000003,
          "y2": 6.5,
          "weight": 0.1
        },
        {
          "kind": "line",
          "x1": 10.8,
          "y1": 2.5,
          "x2": 10.8,
          "y2": 6.5,
          "weight": 0.1
        }
      ],
      "measures": [
        {
          "bounds": {
            "x": 2.0,
            "y": 2.5,
            "w": 5.2000003,
            "h": 4.0
          },
          "prims": [
            {
              "kind": "text",
              "x": 3.2,
              "y": 4.0,
              "content": "4",
              "role": "timeSig",
              "span": null
            },
            {
              "kind": "text",
              "x": 3.2,
              "y": 5.0,
              "content": "4",
              "role": "timeSig",
              "span": null
            },
            {
              "kind": "text",
              "x": 4.4,
              "y": 4.5,
              "content": "0",
              "role": "fretNumber",
              "span": {
                "start": 0,
                "end": 3
              }
            },
            {
              "kind": "line",
              "x1": 4.4,
              "y1": 5.3,
              "x2": 4.4,
              "y2": 8.0,
              "weight": 0.08
            },
            {
              "kind": "text",
              "x": 4.4,
              "y": 8.6,
              "content": "T",
              "role": "finger",
              "span": {
                "start": 0,
                "end": 3
              }
            }
          ],
          "span": {
            "start": 0,
            "end": 3
          }
        },
        {
          "bounds": {
            "x": 7.2000003,
            "y": 2.5,
            "w": 3.6,
            "h": 4.0
          },
          "prims": [
            {
              "kind": "text",
              "x": 8.0,
              "y": 4.5,
              "content": "0",
              "role": "fretNumber",
              "span": {
                "start": 4,
                "end": 7
              }
            },
            {
              "kind": "line",
              "x1": 8.0,
              "y1": 5.3,
              "x2": 8.0,
              "y2": 8.0,
              "weight": 0.08
            },
            {
              "kind": "text",
              "x": 8.0,
              "y": 8.6,
              "content": "T",
              "role": "finger",
              "span": {
                "start": 4,
                "end": 7
              }
            }
          ],
          "span": {
            "start": 4,
            "end": 7
          }
        }
      ]
    },
    {
      "bounds": {
        "x": 0.0,
        "y": 10.0,
        "w": 11.8,
        "h": 4.0
      },
      "prims": [
        {
          "kind": "line",
          "x1": 2.0,
          "y1": 10.0,
          "x2": 9.2,
          "y2": 10.0,
          "weight": 0.06
        },
        {
          "kind": "line",
          "x1": 2.0,
          "y1": 11.0,
          "x2": 9.2,
          "y2": 11.0,
          "weight": 0.06
        },
        {
          "kind": "line",
          "x1": 2.0,
          "y1": 12.0,
          "x2": 2.1999998,
          "y2": 12.0,
          "weight": 0.06
        },
        {
          "kind": "line",
          "x1": 3.4,
          "y1": 12.0,
          "x2": 5.8,
          "y2": 12.0,
          "weight": 0.06
        },
        {
          "kind": "line",
          "x1": 7.0,
          "y1": 12.0,
          "x2": 9.2,
          "y2": 12.0,
          "weight": 0.06
        },
        {
          "kind": "line",
          "x1": 2.0,
          "y1": 13.0,
          "x2": 9.2,
          "y2": 13.0,
          "weight": 0.06
        },
        {
          "kind": "line",
          "x1": 2.0,
          "y1": 14.0,
          "x2": 9.2,
          "y2": 14.0,
          "weight": 0.06
        },
        {
          "kind": "line",
          "x1": 2.0,
          "y1": 10.0,
          "x2": 2.0,
          "y2": 14.0,
          "weight": 0.1
        },
        {
          "kind": "line",
          "x1": 5.6,
          "y1": 10.0,
          "x2": 5.6,
          "y2": 14.0,
          "weight": 0.1
        },
        {
          "kind": "line",
          "x1": 9.2,
          "y1": 10.0,
          "x2": 9.2,
          "y2": 14.0,
          "weight": 0.1
        }
      ],
      "measures": [
        {
          "bounds": {
            "x": 2.0,
            "y": 10.0,
            "w": 3.6,
            "h": 4.0
          },
          "prims": [
            {
              "kind": "text",
              "x": 2.8,
              "y": 12.0,
              "content": "0",
              "role": "fretNumber",
              "span": {
                "start": 8,
                "end": 11
              }
            },
            {
              "kind": "line",
              "x1": 2.8,
              "y1": 12.8,
              "x2": 2.8,
              "y2": 15.5,
              "weight": 0.08
            },
            {
              "kind": "text",
              "x": 2.8,
              "y": 16.1,
              "content": "T",
              "role": "finger",
              "span": {
                "start": 8,
                "end": 11
              }
            }
          ],
          "span": {
            "start": 8,
            "end": 11
          }
        },
        {
          "bounds": {
            "x": 5.6,
            "y": 10.0,
            "w": 3.6,
            "h": 4.0
          },
          "prims": [
            {
              "kind": "text",
              "x": 6.4,
              "y": 12.0,
              "content": "0",
              "role": "fretNumber",
              "span": {
                "start": 12,
                "end": 15
              }
            },
            {
              "kind": "line",
              "x1": 6.4,
              "y1": 12.8,
              "x2": 6.4,
              "y2": 15.5,
              "weight": 0.08
            },
            {
              "kind": "text",
              "x": 6.4,
              "y": 16.1,
              "content": "T",
              "role": "finger",
              "span": {
                "start": 12,
                "end": 15
              }
            }
          ],
          "span": {
            "start": 12,
            "end": 15
          }
        }
      ]
    }
  ]
}
