---
source: crates/cadtab-core/src/layout.rs
expression: "serde_json::to_string_pretty(&tree).unwrap()"
---
{
  "meta": {
    "width": 800.0,
    "height": 13.8
  },
  "header": [
    {
      "kind": "text",
      "x": 2.0,
      "y": 2.25,
      "content": "Open G",
      "role": "tuningName",
      "span": null
    },
    {
      "kind": "text",
      "x": 2.0,
      "y": 3.75,
      "content": "①=D",
      "role": "tuningString",
      "span": null
    },
    {
      "kind": "text",
      "x": 2.0,
      "y": 5.25,
      "content": "②=B",
      "role": "tuningString",
      "span": null
    },
    {
      "kind": "text",
      "x": 5.4,
      "y": 3.75,
      "content": "③=G",
      "role": "tuningString",
      "span": null
    },
    {
      "kind": "text",
      "x": 5.4,
      "y": 5.25,
      "content": "④=D",
      "role": "tuningString",
      "span": null
    },
    {
      "kind": "text",
      "x": 8.8,
      "y": 3.75,
      "content": "⑤=g",
      "role": "tuningString",
      "span": null
    }
  ],
  "systems": [
    {
      "bounds": {
        "x": 0.0,
        "y": 7.0,
        "w": 800.0,
        "h": 4.0
      },
      "prims": [
        {
          "kind": "line",
          "x1": 2.0,
          "y1": 7.0,
          "x2": 799.0,
          "y2": 7.0,
          "weight": 0.06
        },
        {
          "kind": "line",
          "x1": 2.0,
          "y1": 8.0,
          "x2": 469.20438,
          "y2": 8.0,
          "weight": 0.06
        },
        {
          "kind": "line",
          "x1": 470.4044,
          "y1": 8.0,
          "x2": 799.0,
          "y2": 8.0,
          "weight": 0.06
        },
        {
          "kind": "line",
          "x1": 2.0,
          "y1": 9.0,
          "x2": 382.57394,
          "y2": 9.0,
          "weight": 0.06
        },
        {
          "kind": "line",
          "x1": 383.77396,
          "y1": 9.0,
          "x2": 799.0,
          "y2": 9.0,
          "weight": 0.06
        },
        {
          "kind": "line",
          "x1": 2.0,
          "y1": 10.0,
          "x2": 799.0,
          "y2": 10.0,
          "weight": 0.06
        },
        {
          "kind": "line",
          "x1": 2.0,
          "y1": 11.0,
          "x2": 799.0,
          "y2": 11.0,
          "weight": 0.06
        },
        {
          "kind": "line",
          "x1": 2.0,
          "y1": 7.0,
          "x2": 2.0,
          "y2": 11.0,
          "weight": 0.1
        },
        {
          "kind": "line",
          "x1": 799.0,
          "y1": 7.0,
          "x2": 799.0,
          "y2": 11.0,
          "weight": 0.1
        }
      ],
      "measures": [
        {
          "bounds": {
            "x": 2.0,
            "y": 7.0,
            "w": 797.0,
            "h": 4.0
          },
          "prims": [
            {
              "kind": "text",
              "x": 3.2,
              "y": 8.5,
              "content": "4",
              "role": "timeSig",
              "span": null
            },
            {
              "kind": "text",
              "x": 3.2,
              "y": 9.5,
              "content": "4",
              "role": "timeSig",
              "span": null
            },
            {
              "kind": "text",
              "x": 209.91307,
              "y": 9.0,
              "content": "𝄽",
              "role": "rest",
              "span": {
                "start": 0,
                "end": 2
              }
            },
            {
              "kind": "text",
              "x": 383.17395,
              "y": 9.0,
              "content": "0",
              "role": "fretNumber",
              "span": {
                "start": 4,
                "end": 7
              }
            },
            {
              "kind": "line",
              "x1": 383.17395,
              "y1": 9.8,
              "x2": 383.17395,
              "y2": 12.5,
              "weight": 0.08
            },
            {
              "kind": "text",
              "x": 383.17395,
              "y": 13.1,
              "content": "T",
              "role": "finger",
              "span": {
                "start": 4,
                "end": 7
              }
            },
            {
              "kind": "text",
              "x": 469.80438,
              "y": 8.0,
              "content": "0",
              "role": "fretNumber",
              "span": {
                "start": 8,
                "end": 11
              }
            },
            {
              "kind": "line",
              "x1": 469.80438,
              "y1": 8.8,
              "x2": 469.80438,
              "y2": 12.5,
              "weight": 0.08
            },
            {
              "kind": "text",
              "x": 469.80438,
              "y": 13.1,
              "content": "T",
              "role": "finger",
              "span": {
                "start": 8,
                "end": 11
              }
            },
            {
              "kind": "text",
              "x": 556.4348,
              "y": 9.0,
              "content": "𝄽",
              "role": "rest",
              "span": {
                "start": 12,
                "end": 14
              }
            },
            {
              "kind": "line",
              "x1": 383.13394,
              "y1": 12.59,
              "x2": 469.8444,
              "y2": 12.59,
              "weight": 0.18
            }
          ],
          "span": {
            "start": 0,
            "end": 14
          }
        }
      ]
    }
  ]
}
