---
source: crates/cadtab-core/src/layout.rs
expression: "serde_json::to_string_pretty(&tree).unwrap()"
---
{
  "meta": {
    "width": 800.0,
    "height": 12.3
  },
  "header": [
    {
      "kind": "text",
      "x": 2.0,
      "y": 2.0,
      "content": "Open G",
      "role": "tuningName",
      "span": null
    },
    {
      "kind": "text",
      "x": 2.0,
      "y": 3.0,
      "content": "①=D",
      "role": "tuningString",
      "span": null
    },
    {
      "kind": "text",
      "x": 2.0,
      "y": 4.0,
      "content": "②=B",
      "role": "tuningString",
      "span": null
    },
    {
      "kind": "text",
      "x": 4.8,
      "y": 3.0,
      "content": "③=G",
      "role": "tuningString",
      "span": null
    },
    {
      "kind": "text",
      "x": 4.8,
      "y": 4.0,
      "content": "④=D",
      "role": "tuningString",
      "span": null
    },
    {
      "kind": "text",
      "x": 7.6,
      "y": 3.0,
      "content": "⑤=g",
      "role": "tuningString",
      "span": null
    }
  ],
  "systems": [
    {
      "bounds": {
        "x": 0.0,
        "y": 5.5,
        "w": 800.0,
        "h": 4.0
      },
      "prims": [
        {
          "kind": "line",
          "x1": 2.0,
          "y1": 5.5,
          "x2": 5.8,
          "y2": 5.5,
          "weight": 0.06
        },
        {
          "kind": "line",
          "x1": 8.800001,
          "y1": 5.5,
          "x2": 12.4,
          "y2": 5.5,
          "weight": 0.06
        },
        {
          "kind": "line",
          "x1": 13.6,
          "y1": 5.5,
          "x2": 14.8,
          "y2": 5.5,
          "weight": 0.06
        },
        {
          "kind": "line",
          "x1": 2.0,
          "y1": 6.5,
          "x2": 4.8,
          "y2": 6.5,
          "weight": 0.06
        },
        {
          "kind": "line",
          "x1": 6.0,
          "y1": 6.5,
          "x2": 8.5,
          "y2": 6.5,
          "weight": 0.06
        },
        {
          "kind": "line",
          "x1": 9.700001,
          "y1": 6.5,
          "x2": 11.4,
          "y2": 6.5,
          "weight": 0.06
        },
        {
          "kind": "line",
          "x1": 12.6,
          "y1": 6.5,
          "x2": 14.8,
          "y2": 6.5,
          "weight": 0.06
        },
        {
          "kind": "line",
          "x1": 2.0,
          "y1": 7.5,
          "x2": 3.8000002,
          "y2": 7.5,
          "weight": 0.06
        },
        {
          "kind": "line",
          "x1": 5.0,
          "y1": 7.5,
          "x2": 9.4,
          "y2": 7.5,
          "weight": 0.06
        },
        {
          "kind": "line",
          "x1": 10.6,
          "y1": 7.5,
          "x2": 14.8,
          "y2": 7.5,
          "weight": 0.06
        },
        {
          "kind": "line",
          "x1": 2.0,
          "y1": 8.5,
          "x2": 14.8,
          "y2": 8.5,
          "weight": 0.06
        },
        {
          "kind": "line",
          "x1": 2.0,
          "y1": 9.5,
          "x2": 14.8,
          "y2": 9.5,
          "weight": 0.06
        },
        {
          "kind": "line",
          "x1": 2.0,
          "y1": 5.5,
          "x2": 2.0,
          "y2": 9.5,
          "weight": 0.1
        },
        {
          "kind": "line",
          "x1": 14.8,
          "y1": 5.5,
          "x2": 14.8,
          "y2": 9.5,
          "weight": 0.1
        }
      ],
      "measures": [
        {
          "bounds": {
            "x": 2.0,
            "y": 5.5,
            "w": 12.8,
            "h": 4.0
          },
          "prims": [
            {
              "kind": "text",
              "x": 3.2,
              "y": 7.0,
              "content": "4",
              "role": "timeSig",
              "span": null
            },
            {
              "kind": "text",
              "x": 3.2,
              "y": 8.0,
              "content": "4",
              "role": "timeSig",
              "span": null
            },
            {
              "kind": "text",
              "x": 4.4,
              "y": 7.5,
              "content": "0",
              "role": "fretNumber",
              "span": {
                "start": 0,
                "end": 3
              }
            },
            {
              "kind": "line",
              "x1": 4.4,
              "y1": 8.3,
              "x2": 4.4,
              "y2": 11.0,
              "weight": 0.08
            },
            {
              "kind": "text",
              "x": 4.4,
              "y": 11.6,
              "content": "T",
              "role": "finger",
              "span": {
                "start": 0,
                "end": 3
              }
            },
            {
              "kind": "text",
              "x": 5.4,
              "y": 6.5,
              "content": "0",
              "role": "fretNumber",
              "span": {
                "start": 4,
                "end": 7
              }
            },
            {
              "kind": "line",
              "x1": 5.4,
              "y1": 7.3,
              "x2": 5.4,
              "y2": 11.0,
              "weight": 0.08
            },
            {
              "kind": "text",
              "x": 5.4,
              "y": 11.6,
              "content": "T",
              "role": "finger",
              "span": {
                "start": 4,
                "end": 7
              }
            },
            {
              "kind": "text",
              "x": 6.4,
              "y": 5.5,
              "content": "0",
              "role": "fretNumber",
              "span": {
                "start": 8,
                "end": 11
              }
            },
            {
              "kind": "line",
              "x1": 6.4,
              "y1": 6.3,
              "x2": 6.4,
              "y2": 11.0,
              "weight": 0.08
            },
            {
              "kind": "text",
              "x": 6.4,
              "y": 11.6,
              "content": "T",
              "role": "finger",
              "span": {
                "start": 8,
                "end": 11
              }
            },
            {
              "kind": "text",
              "x": 7.3,
              "y": 5.5,
              "content": "2",
              "role": "fretNumber",
              "span": {
                "start": 12,
                "end": 15
              }
            },
            {
              "kind": "line",
              "x1": 7.3,
              "y1": 6.3,
              "x2": 7.3,
              "y2": 11.0,
              "weight": 0.08
            },
            {
              "kind": "text",
              "x": 7.3,
              "y": 11.6,
              "content": "T",
              "role": "finger",
              "span": {
                "start": 12,
                "end": 15
              }
            },
            {
              "kind": "text",
              "x": 8.200001,
              "y": 5.5,
              "content": "0",
              "role": "fretNumber",
              "span": {
                "start": 16,
                "end": 19
              }
            },
            {
              "kind": "line",
              "x1": 8.200001,
              "y1": 6.3,
              "x2": 8.200001,
              "y2": 11.0,
              "weight": 0.08
            },
            {
              "kind": "text",
              "x": 8.200001,
              "y": 11.6,
              "content": "T",
              "role": "finger",
              "span": {
                "start": 16,
                "end": 19
              }
            },
            {
              "kind": "text",
              "x": 9.1,
              "y": 6.5,
              "content": "0",
              "role": "fretNumber",
              "span": {
                "start": 20,
                "end": 23
              }
            },
            {
              "kind": "line",
              "x1": 9.1,
              "y1": 7.3,
              "x2": 9.1,
              "y2": 11.0,
              "weight": 0.08
            },
            {
              "kind": "text",
              "x": 9.1,
              "y": 11.6,
              "content": "T",
              "role": "finger",
              "span": {
                "start": 20,
                "end": 23
              }
            },
            {
              "kind": "text",
              "x": 10.0,
              "y": 7.5,
              "content": "0",
              "role": "fretNumber",
              "span": {
                "start": 24,
                "end": 27
              }
            },
            {
              "kind": "line",
              "x1": 10.0,
              "y1": 8.3,
              "x2": 10.0,
              "y2": 11.0,
              "weight": 0.08
            },
            {
              "kind": "text",
              "x": 10.0,
              "y": 11.6,
              "content": "T",
              "role": "finger",
              "span": {
                "start": 24,
                "end": 27
              }
            },
            {
              "kind": "text",
              "x": 12.0,
              "y": 6.5,
              "content": "1",
              "role": "fretNumber",
              "span": {
                "start": 28,
                "end": 31
              }
            },
            {
              "kind": "line",
              "x1": 12.0,
              "y1": 7.3,
              "x2": 12.0,
              "y2": 11.0,
              "weight": 0.08
            },
            {
              "kind": "text",
              "x": 12.0,
              "y": 11.6,
              "content": "T",
              "role": "finger",
              "span": {
                "start": 28,
                "end": 31
              }
            },
            {
              "kind": "text",
              "x": 13.0,
              "y": 5.5,
              "content": "0",
              "role": "fretNumber",
              "span": {
                "start": 32,
                "end": 35
              }
            },
            {
              "kind": "line",
              "x1": 13.0,
              "y1": 6.3,
              "x2": 13.0,
              "y2": 11.0,
              "weight": 0.08
            },
            {
              "kind": "text",
              "x": 13.0,
              "y": 11.6,
              "content": "T",
              "role": "finger",
              "span": {
                "start": 32,
                "end": 35
              }
            },
            {
              "kind": "line",
              "x1": 4.36,
              "y1": 11.09,
              "x2": 5.44,
              "y2": 11.09,
              "weight": 0.18
            },
            {
              "kind": "line",
              "x1": 6.36,
              "y1": 11.09,
              "x2": 9.14,
              "y2": 11.09,
              "weight": 0.18
            },
            {
              "kind": "line",
              "x1": 6.36,
              "y1": 10.74,
              "x2": 9.14,
              "y2": 10.74,
              "weight": 0.18
            },
            {
              "kind": "line",
              "x1": 11.96,
              "y1": 11.09,
              "x2": 13.04,
              "y2": 11.09,
              "weight": 0.18
            }
          ],
          "span": {
            "start": 0,
            "end": 35
          }
        }
      ]
    }
  ]
}
