---
source: crates/cadtab-core/src/layout.rs
expression: "serde_json::to_string_pretty(&tree).unwrap()"
---
{
  "meta": {
    "width": 43.200005,
    "height": 21.399998
  },
  "header": [
    {
      "kind": "text",
      "x": 21.600002,
      "y": 1.5,
      "content": "Syntax Showcase",
      "role": "title",
      "span": null
    },
    {
      "kind": "text",
      "x": 21.600002,
      "y": 3.1,
      "content": "cadtab",
      "role": "composer",
      "span": null
    },
    {
      "kind": "text",
      "x": 2.0,
      "y": 5.2,
      "content": "Open G",
      "role": "tuningName",
      "span": null
    },
    {
      "kind": "text",
      "x": 2.0,
      "y": 6.2,
      "content": "①=D",
      "role": "tuningString",
      "span": null
    },
    {
      "kind": "text",
      "x": 2.0,
      "y": 7.2,
      "content": "②=B",
      "role": "tuningString",
      "span": null
    },
    {
      "kind": "text",
      "x": 4.8,
      "y": 6.2,
      "content": "③=G",
      "role": "tuningString",
      "span": null
    },
    {
      "kind": "text",
      "x": 4.8,
      "y": 7.2,
      "content": "④=D",
      "role": "tuningString",
      "span": null
    },
    {
      "kind": "text",
      "x": 7.6,
      "y": 6.2,
      "content": "⑤=g",
      "role": "tuningString",
      "span": null
    },
    {
      "kind": "text",
      "x": 6.2,
      "y": 8.2,
      "content": "♩ = 130",
      "role": "tempo",
      "span": null
    },
    {
      "kind": "text",
      "x": 2.0,
      "y": 9.2,
      "content": "Capo 5th string @ 2",
      "role": "capo",
      "span": null
    }
  ],
  "systems": [
    {
      "bounds": {
        "x": 0.0,
        "y": 14.599999,
        "w": 43.200005,
        "h": 4.0
      },
      "prims": [
        {
          "kind": "line",
          "x1": 2.0,
          "y1": 14.599999,
          "x2": 4.8,
          "y2": 14.599999,
          "weight": 0.06
        },
        {
          "kind": "line",
          "x1": 6.0,
          "y1": 14.599999,
          "x2": 9.4,
          "y2": 14.599999,
          "weight": 0.06
        },
        {
          "kind": "line",
          "x1": 10.6,
          "y1": 14.599999,
          "x2": 12.4,
          "y2": 14.599999,
          "weight": 0.06
        },
        {
          "kind": "line",
          "x1": 14.6,
          "y1": 14.599999,
          "x2": 21.6,
          "y2": 14.599999,
          "weight": 0.06
        },
        {
          "kind": "line",
          "x1": 23.800001,
          "y1": 14.599999,
          "x2": 38.800003,
          "y2": 14.599999,
          "weight": 0.06
        },
        {
          "kind": "line",
          "x1": 40.0,
          "y1": 14.599999,
          "x2": 42.200005,
          "y2": 14.599999,
          "weight": 0.06
        },
        {
          "kind": "line",
          "x1": 2.0,
          "y1": 15.599999,
          "x2": 3.8000002,
          "y2": 15.599999,
          "weight": 0.06
        },
        {
          "kind": "line",
          "x1": 5.0,
          "y1": 15.599999,
          "x2": 8.4,
          "y2": 15.599999,
          "weight": 0.06
        },
        {
          "kind": "line",
          "x1": 9.6,
          "y1": 15.599999,
          "x2": 42.200005,
          "y2": 15.599999,
          "weight": 0.06
        },
        {
          "kind": "line",
          "x1": 2.0,
          "y1": 16.599998,
          "x2": 7.4,
          "y2": 16.599998,
          "weight": 0.06
        },
        {
          "kind": "line",
          "x1": 8.6,
          "y1": 16.599998,
          "x2": 11.4,
          "y2": 16.599998,
          "weight": 0.06
        },
        {
          "kind": "line",
          "x1": 12.6,
          "y1": 16.599998,
          "x2": 18.0,
          "y2": 16.599998,
          "weight": 0.06
        },
        {
          "kind": "line",
          "x1": 20.2,
          "y1": 16.599998,
          "x2": 25.2,
          "y2": 16.599998,
          "weight": 0.06
        },
        {
          "kind": "line",
          "x1": 26.400002,
          "y1": 16.599998,
          "x2": 27.2,
          "y2": 16.599998,
          "weight": 0.06
        },
        {
          "kind": "line",
          "x1": 28.400002,
          "y1": 16.599998,
          "x2": 29.200003,
          "y2": 16.599998,
          "weight": 0.06
        },
        {
          "kind": "line",
          "x1": 30.400003,
          "y1": 16.599998,
          "x2": 31.200003,
          "y2": 16.599998,
          "weight": 0.06
        },
        {
          "kind": "line",
          "x1": 32.4,
          "y1": 16.599998,
          "x2": 34.800003,
          "y2": 16.599998,
          "weight": 0.06
        },
        {
          "kind": "line",
          "x1": 36.0,
          "y1": 16.599998,
          "x2": 36.800003,
          "y2": 16.599998,
          "weight": 0.06
        },
        {
          "kind": "line",
          "x1": 38.0,
          "y1": 16.599998,
          "x2": 42.200005,
          "y2": 16.599998,
          "weight": 0.06
        },
        {
          "kind": "line",
          "x1": 2.0,
          "y1": 17.599998,
          "x2": 42.200005,
          "y2": 17.599998,
          "weight": 0.06
        },
        {
          "kind": "line",
          "x1": 2.0,
          "y1": 18.599998,
          "x2": 10.4,
          "y2": 18.599998,
          "weight": 0.06
        },
        {
          "kind": "line",
          "x1": 11.6,
          "y1": 18.599998,
          "x2": 13.4,
          "y2": 18.599998,
          "weight": 0.06
        },
        {
          "kind": "line",
          "x1": 14.6,
          "y1": 18.599998,
          "x2": 42.200005,
          "y2": 18.599998,
          "weight": 0.06
        },
        {
          "kind": "line",
          "x1": 7.2000003,
          "y1": 14.599999,
          "x2": 7.2000003,
          "y2": 18.599998,
          "weight": 0.25
        },
        {
          "kind": "line",
          "x1": 7.42,
          "y1": 14.599999,
          "x2": 7.42,
          "y2": 18.599998,
          "weight": 0.1
        },
        {
          "kind": "path",
          "cmds": "M 7.5200005 16.099998 a 0.12 0.12 0 1 0 0.24 0 a 0.12 0.12 0 1 0 -0.24 0 z",
          "span": null
        },
        {
          "kind": "path",
          "cmds": "M 7.5200005 17.099998 a 0.12 0.12 0 1 0 0.24 0 a 0.12 0.12 0 1 0 -0.24 0 z",
          "span": null
        },
        {
          "kind": "line",
          "x1": 16.800001,
          "y1": 14.599999,
          "x2": 16.800001,
          "y2": 18.599998,
          "weight": 0.1
        },
        {
          "kind": "line",
          "x1": 21.400002,
          "y1": 14.599999,
          "x2": 21.400002,
          "y2": 18.599998,
          "weight": 0.25
        },
        {
          "kind": "line",
          "x1": 21.180002,
          "y1": 14.599999,
          "x2": 21.180002,
          "y2": 18.599998,
          "weight": 0.1
        },
        {
          "kind": "path",
          "cmds": "M 20.84 16.099998 a 0.12 0.12 0 1 0 0.24 0 a 0.12 0.12 0 1 0 -0.24 0 z",
          "span": null
        },
        {
          "kind": "path",
          "cmds": "M 20.84 17.099998 a 0.12 0.12 0 1 0 0.24 0 a 0.12 0.12 0 1 0 -0.24 0 z",
          "span": null
        },
        {
          "kind": "line",
          "x1": 25.000002,
          "y1": 14.599999,
          "x2": 25.000002,
          "y2": 18.599998,
          "weight": 0.1
        },
        {
          "kind": "line",
          "x1": 34.600002,
          "y1": 14.599999,
          "x2": 34.600002,
          "y2": 18.599998,
          "weight": 0.1
        },
        {
          "kind": "line",
          "x1": 42.200005,
          "y1": 14.599999,
          "x2": 42.200005,
          "y2": 18.599998,
          "weight": 0.1
        },
        {
          "kind": "line",
          "x1": 16.800001,
          "y1": 13.799999,
          "x2": 21.400002,
          "y2": 13.799999,
          "weight": 0.1
        },
        {
          "kind": "line",
          "x1": 16.800001,
          "y1": 13.799999,
          "x2": 16.800001,
          "y2": 14.499999,
          "weight": 0.1
        },
        {
          "kind": "text",
          "x": 17.300001,
          "y": 14.199999,
          "content": "1",
          "role": "ending",
          "span": null
        },
        {
          "kind": "line",
          "x1": 21.400002,
          "y1": 13.799999,
          "x2": 25.000002,
          "y2": 13.799999,
          "weight": 0.1
        },
        {
          "kind": "line",
          "x1": 21.400002,
          "y1": 13.799999,
          "x2": 21.400002,
          "y2": 14.499999,
          "weight": 0.1
        },
        {
          "kind": "text",
          "x": 21.900002,
          "y": 14.199999,
          "content": "2",
          "role": "ending",
          "span": null
        },
        {
          "kind": "text",
          "x": 7.2000003,
          "y": 11.4,
          "content": "A",
          "role": "sectionLabel",
          "span": {
            "start": 270,
            "end": 273
          }
        },
        {
          "kind": "text",
          "x": 25.000002,
          "y": 11.4,
          "content": "B",
          "role": "sectionLabel",
          "span": {
            "start": 767,
            "end": 770
          }
        }
      ],
      "measures": [
        {
          "bounds": {
            "x": 2.0,
            "y": 14.599999,
            "w": 5.2000003,
            "h": 4.0
          },
          "prims": [
            {
              "kind": "text",
              "x": 3.2,
              "y": 16.099998,
              "content": "4",
              "role": "timeSig",
              "span": null
            },
            {
              "kind": "text",
              "x": 3.2,
              "y": 17.099998,
              "content": "4",
              "role": "timeSig",
              "span": null
            },
            {
              "kind": "text",
              "x": 4.4,
              "y": 15.599999,
              "content": "0",
              "role": "fretNumber",
              "span": {
                "start": 215,
                "end": 220
              }
            },
            {
              "kind": "line",
              "x1": 4.4,
              "y1": 16.4,
              "x2": 4.4,
              "y2": 20.099998,
              "weight": 0.08
            },
            {
              "kind": "text",
              "x": 4.4,
              "y": 20.699999,
              "content": "I",
              "role": "finger",
              "span": {
                "start": 215,
                "end": 220
              }
            },
            {
              "kind": "text",
              "x": 5.4,
              "y": 14.599999,
              "content": "0",
              "role": "fretNumber",
              "span": {
                "start": 221,
                "end": 226
              }
            },
            {
              "kind": "line",
              "x1": 5.4,
              "y1": 15.4,
              "x2": 5.4,
              "y2": 20.099998,
              "weight": 0.08
            },
            {
              "kind": "text",
              "x": 5.4,
              "y": 20.699999,
              "content": "T",
              "role": "finger",
              "span": {
                "start": 221,
                "end": 226
              }
            },
            {
              "kind": "line",
              "x1": 4.36,
              "y1": 20.189999,
              "x2": 5.44,
              "y2": 20.189999,
              "weight": 0.18
            }
          ],
          "span": {
            "start": 215,
            "end": 226
          }
        },
        {
          "bounds": {
            "x": 7.2000003,
            "y": 14.599999,
            "w": 9.6,
            "h": 4.0
          },
          "prims": [
            {
              "kind": "text",
              "x": 8.0,
              "y": 12.749999,
              "content": "G",
              "role": "chordSymbol",
              "span": {
                "start": 411,
                "end": 414
              }
            },
            {
              "kind": "text",
              "x": 8.0,
              "y": 16.599998,
              "content": "0",
              "role": "fretNumber",
              "span": {
                "start": 478,
                "end": 483
              }
            },
            {
              "kind": "line",
              "x1": 8.0,
              "y1": 17.399998,
              "x2": 8.0,
              "y2": 20.099998,
              "weight": 0.08
            },
            {
              "kind": "text",
              "x": 8.0,
              "y": 20.699999,
              "content": "T",
              "role": "finger",
              "span": {
                "start": 478,
                "end": 483
              }
            },
            {
              "kind": "text",
              "x": 9.0,
              "y": 15.599999,
              "content": "0",
              "role": "fretNumber",
              "span": {
                "start": 485,
                "end": 490
              }
            },
            {
              "kind": "line",
              "x1": 9.0,
              "y1": 16.4,
              "x2": 9.0,
              "y2": 20.099998,
              "weight": 0.08
            },
            {
              "kind": "text",
              "x": 9.0,
              "y": 20.699999,
              "content": "I",
              "role": "finger",
              "span": {
                "start": 485,
                "end": 490
              }
            },
            {
              "kind": "text",
              "x": 10.0,
              "y": 14.599999,
              "content": "0",
              "role": "fretNumber",
              "span": {
                "start": 492,
                "end": 497
              }
            },
            {
              "kind": "line",
              "x1": 10.0,
              "y1": 15.4,
              "x2": 10.0,
              "y2": 20.099998,
              "weight": 0.08
            },
            {
              "kind": "text",
              "x": 10.0,
              "y": 20.699999,
              "content": "M",
              "role": "finger",
              "span": {
                "start": 492,
                "end": 497
              }
            },
            {
              "kind": "text",
              "x": 11.0,
              "y": 18.599998,
              "content": "0",
              "role": "fretNumber",
              "span": {
                "start": 500,
                "end": 505
              }
            },
            {
              "kind": "line",
              "x1": 11.0,
              "y1": 19.399998,
              "x2": 11.0,
              "y2": 20.099998,
              "weight": 0.08
            },
            {
              "kind": "text",
              "x": 11.0,
              "y": 20.699999,
              "content": "T",
              "role": "finger",
              "span": {
                "start": 500,
                "end": 505
              }
            },
            {
              "kind": "text",
              "x": 12.0,
              "y": 16.599998,
              "content": "0",
              "role": "fretNumber",
              "span": {
                "start": 507,
                "end": 512
              }
            },
            {
              "kind": "line",
              "x1": 12.0,
              "y1": 17.399998,
              "x2": 12.0,
              "y2": 20.099998,
              "weight": 0.08
            },
            {
              "kind": "text",
              "x": 12.0,
              "y": 20.699999,
              "content": "I",
              "role": "finger",
              "span": {
                "start": 507,
                "end": 512
              }
            },
            {
              "kind": "text",
              "x": 13.0,
              "y": 14.599999,
              "content": "0",
              "role": "fretNumber",
              "span": {
                "start": 514,
                "end": 519
              }
            },
            {
              "kind": "line",
              "x1": 13.0,
              "y1": 15.4,
              "x2": 13.0,
              "y2": 20.099998,
              "weight": 0.08
            },
            {
              "kind": "text",
              "x": 13.0,
              "y": 20.699999,
              "content": "M",
              "role": "finger",
              "span": {
                "start": 514,
                "end": 519
              }
            },
            {
              "kind": "text",
              "x": 14.0,
              "y": 12.749999,
              "content": "C",
              "role": "chordSymbol",
              "span": {
                "start": 553,
                "end": 556
              }
            },
            {
              "kind": "text",
              "x": 14.0,
              "y": 14.599999,
              "content": "0",
              "role": "fretNumber",
              "span": {
                "start": 561,
                "end": 576
              }
            },
            {
              "kind": "text",
              "x": 14.0,
              "y": 18.599998,
              "content": "0",
              "role": "fretNumber",
              "span": {
                "start": 561,
                "end": 576
              }
            },
            {
              "kind": "line",
              "x1": 14.0,
              "y1": 19.399998,
              "x2": 14.0,
              "y2": 20.099998,
              "weight": 0.08
            },
            {
              "kind": "text",
              "x": 14.0,
              "y": 20.699999,
              "content": "M",
              "role": "finger",
              "span": {
                "start": 561,
                "end": 576
              }
            },
            {
              "kind": "text",
              "x": 14.5,
              "y": 20.699999,
              "content": "T",
              "role": "finger",
              "span": {
                "start": 561,
                "end": 576
              }
            },
            {
              "kind": "line",
              "x1": 7.96,
              "y1": 20.189999,
              "x2": 9.04,
              "y2": 20.189999,
              "weight": 0.18
            },
            {
              "kind": "line",
              "x1": 9.96,
              "y1": 20.189999,
              "x2": 11.04,
              "y2": 20.189999,
              "weight": 0.18
            },
            {
              "kind": "line",
              "x1": 11.96,
              "y1": 20.189999,
              "x2": 13.04,
              "y2": 20.189999,
              "weight": 0.18
            }
          ],
          "span": {
            "start": 478,
            "end": 576
          }
        },
        {
          "bounds": {
            "x": 16.800001,
            "y": 14.599999,
            "w": 4.6,
            "h": 4.0
          },
          "prims": [
            {
              "kind": "text",
              "x": 17.6,
              "y": 16.599998,
              "content": "𝄾",
              "role": "rest",
              "span": {
                "start": 657,
                "end": 660
              }
            },
            {
              "kind": "text",
              "x": 18.6,
              "y": 16.599998,
              "content": "2",
              "role": "fretNumber",
              "span": {
                "start": 662,
                "end": 665
              }
            },
            {
              "kind": "line",
              "x1": 18.6,
              "y1": 17.399998,
              "x2": 18.6,
              "y2": 20.099998,
              "weight": 0.08
            },
            {
              "kind": "path",
              "cmds": "M 18.6 16.599998 Q 19.1 15.799998 19.6 16.599998",
              "span": {
                "start": 662,
                "end": 665
              }
            },
            {
              "kind": "text",
              "x": 19.6,
              "y": 16.599998,
              "content": "2",
              "role": "fretNumber",
              "span": {
                "start": 668,
                "end": 671
              }
            },
            {
              "kind": "line",
              "x1": 19.6,
              "y1": 17.399998,
              "x2": 19.6,
              "y2": 20.099998,
              "weight": 0.08
            },
            {
              "kind": "line",
              "x1": 18.6,
              "y1": 20.189999,
              "x2": 19.2,
              "y2": 20.189999,
              "weight": 0.18
            },
            {
              "kind": "line",
              "x1": 19.6,
              "y1": 20.189999,
              "x2": 20.2,
              "y2": 20.189999,
              "weight": 0.18
            }
          ],
          "span": {
            "start": 657,
            "end": 671
          }
        },
        {
          "bounds": {
            "x": 21.400002,
            "y": 14.599999,
            "w": 3.6,
            "h": 4.0
          },
          "prims": [
            {
              "kind": "text",
              "x": 22.2,
              "y": 14.599999,
              "content": "0",
              "role": "fretNumber",
              "span": {
                "start": 721,
                "end": 726
              }
            },
            {
              "kind": "line",
              "x1": 22.2,
              "y1": 15.4,
              "x2": 22.2,
              "y2": 20.099998,
              "weight": 0.08
            },
            {
              "kind": "text",
              "x": 22.2,
              "y": 20.699999,
              "content": "M",
              "role": "finger",
              "span": {
                "start": 721,
                "end": 726
              }
            },
            {
              "kind": "text",
              "x": 23.2,
              "y": 14.599999,
              "content": "0",
              "role": "fretNumber",
              "span": {
                "start": 727,
                "end": 732
              }
            },
            {
              "kind": "line",
              "x1": 23.2,
              "y1": 15.4,
              "x2": 23.2,
              "y2": 20.099998,
              "weight": 0.08
            },
            {
              "kind": "text",
              "x": 23.2,
              "y": 20.699999,
              "content": "M",
              "role": "finger",
              "span": {
                "start": 727,
                "end": 732
              }
            },
            {
              "kind": "line",
              "x1": 22.16,
              "y1": 20.189999,
              "x2": 23.240002,
              "y2": 20.189999,
              "weight": 0.18
            }
          ],
          "span": {
            "start": 721,
            "end": 732
          }
        },
        {
          "bounds": {
            "x": 25.000002,
            "y": 14.599999,
            "w": 9.6,
            "h": 4.0
          },
          "prims": [
            {
              "kind": "text",
              "x": 25.800001,
              "y": 16.599998,
              "content": "2",
              "role": "fretNumber",
              "span": {
                "start": 886,
                "end": 889
              }
            },
            {
              "kind": "line",
              "x1": 25.800001,
              "y1": 17.399998,
              "x2": 25.800001,
              "y2": 20.099998,
              "weight": 0.08
            },
            {
              "kind": "text",
              "x": 27.800001,
              "y": 16.599998,
              "content": "4",
              "role": "fretNumber",
              "span": {
                "start": 890,
                "end": 893
              }
            },
            {
              "kind": "line",
              "x1": 27.800001,
              "y1": 17.399998,
              "x2": 27.800001,
              "y2": 20.099998,
              "weight": 0.08
            },
            {
              "kind": "text",
              "x": 29.800003,
              "y": 16.599998,
              "content": "2",
              "role": "fretNumber",
              "span": {
                "start": 886,
                "end": 889
              }
            },
            {
              "kind": "line",
              "x1": 29.800003,
              "y1": 17.399998,
              "x2": 29.800003,
              "y2": 20.099998,
              "weight": 0.08
            },
            {
              "kind": "text",
              "x": 31.800003,
              "y": 16.599998,
              "content": "4",
              "role": "fretNumber",
              "span": {
                "start": 890,
                "end": 893
              }
            },
            {
              "kind": "line",
              "x1": 31.800003,
              "y1": 17.399998,
              "x2": 31.800003,
              "y2": 20.099998,
              "weight": 0.08
            }
          ],
          "span": {
            "start": 886,
            "end": 893
          }
        },
        {
          "bounds": {
            "x": 34.600002,
            "y": 14.599999,
            "w": 7.6000004,
            "h": 4.0
          },
          "prims": [
            {
              "kind": "text",
              "x": 35.4,
              "y": 16.599998,
              "content": "0",
              "role": "fretNumber",
              "span": {
                "start": 1019,
                "end": 1035
              }
            },
            {
              "kind": "line",
              "x1": 35.4,
              "y1": 17.399998,
              "x2": 35.4,
              "y2": 20.099998,
              "weight": 0.08
            },
            {
              "kind": "text",
              "x": 37.4,
              "y": 16.599998,
              "content": "2",
              "role": "fretNumber",
              "span": {
                "start": 1019,
                "end": 1035
              }
            },
            {
              "kind": "line",
              "x1": 37.4,
              "y1": 17.399998,
              "x2": 37.4,
              "y2": 20.099998,
              "weight": 0.08
            },
            {
              "kind": "text",
              "x": 37.800003,
              "y": 16.149998,
              "content": "h",
              "role": "technique",
              "span": {
                "start": 1019,
                "end": 1035
              }
            },
            {
              "kind": "text",
              "x": 39.4,
              "y": 14.599999,
              "content": "7",
              "role": "fretNumber",
              "span": {
                "start": 1074,
                "end": 1083
              }
            },
            {
              "kind": "line",
              "x1": 39.4,
              "y1": 15.4,
              "x2": 39.4,
              "y2": 20.099998,
              "weight": 0.08
            },
            {
              "kind": "path",
              "cmds": "M 39.4 14.599999 Q 39.7 13.599999 40 13.599999",
              "span": {
                "start": 1074,
                "end": 1083
              }
            }
          ],
          "span": {
            "start": 1019,
            "end": 1083
          }
        }
      ]
    }
  ]
}
