---
source: crates/cadtab-core/src/parser.rs
expression: parsed.program
---
Program {
    items: [
        Item {
            kind: Title(
                StringLit {
                    value: "Syntax Showcase",
                    span: Span {
                        start: 6,
                        end: 23,
                    },
                },
            ),
            span: Span {
                start: 0,
                end: 23,
            },
        },
        Item {
            kind: Composer(
                StringLit {
                    value: "cadtab",
                    span: Span {
                        start: 33,
                        end: 41,
                    },
                },
            ),
            span: Span {
                start: 24,
                end: 41,
            },
        },
        Item {
            kind: Tempo(
                IntLit {
                    value: 130,
                    span: Span {
                        start: 48,
                        end: 51,
                    },
                },
            ),
            span: Span {
                start: 42,
                end: 51,
            },
        },
        Item {
            kind: Instrument(
                Ident {
                    name: "banjo",
                    span: Span {
                        start: 63,
                        end: 68,
                    },
                },
            ),
            span: Span {
                start: 52,
                end: 68,
            },
        },
        Item {
            kind: Tuning(
                Named(
                    Ident {
                        name: "openG",
                        span: Span {
                            start: 76,
                            end: 81,
                        },
                    },
                ),
            ),
            span: Span {
                start: 69,
                end: 81,
            },
        },
        Item {
            kind: Capo(
                StringLit {
                    value: "5th string @ 2",
                    span: Span {
                        start: 87,
                        end: 103,
                    },
                },
            ),
            span: Span {
                start: 82,
                end: 103,
            },
        },
    ],
    span: Span {
        start: 0,
        end: 103,
    },
}
