---
source: crates/cadtab-core/src/layout.rs
expression: "serde_json::to_string_pretty(&tree).unwrap()"
---
{
  "meta": {
    "width": 800.0,
    "height": 12.3
  },
  "header": [
    {
      "kind": "text",
      "x": 2.0,
      "y": 2.0,
      "content": "Open G",
      "role": "tuningName",
      "span": null
    },
    {
      "kind": "text",
      "x": 2.0,
      "y": 3.0,
      "content": "①=D",
      "role": "tuningString",
      "span": null
    },
    {
      "kind": "text",
      "x": 2.0,
      "y": 4.0,
      "content": "②=B",
      "role": "tuningString",
      "span": null
    },
    {
      "kind": "text",
      "x": 4.8,
      "y": 3.0,
      "content": "③=G",
      "role": "tuningString",
      "span": null
    },
    {
      "kind": "text",
      "x": 4.8,
      "y": 4.0,
      "content": "④=D",
      "role": "tuningString",
      "span": null
    },
    {
      "kind": "text",
      "x": 7.6,
      "y": 3.0,
      "content": "⑤=g",
      "role": "tuningString",
      "span": null
    }
  ],
  "systems": [
    {
      "bounds": {
        "x": 0.0,
        "y": 5.5,
        "w": 800.0,
        "h": 4.0
      },
      "prims": [
        {
          "kind": "line",
          "x1": 2.0,
          "y1": 5.5,
          "x2": 607.56903,
          "y2": 5.5,
          "weight": 0.06
        },
        {
          "kind": "line",
          "x1": 608.769,
          "y1": 5.5,
          "x2": 799.0,
          "y2": 5.5,
          "weight": 0.06
        },
        {
          "kind": "line",
          "x1": 2.0,
          "y1": 6.5,
          "x2": 270.80844,
          "y2": 6.5,
          "weight": 0.06
        },
        {
          "kind": "line",
          "x1": 272.00845,
          "y1": 6.5,
          "x2": 799.0,
          "y2": 6.5,
          "weight": 0.06
        },
        {
          "kind": "line",
          "x1": 2.0,
          "y1": 7.5,
          "x2": 383.06195,
          "y2": 7.5,
          "weight": 0.06
        },
        {
          "kind": "line",
          "x1": 384.26196,
          "y1": 7.5,
          "x2": 799.0,
          "y2": 7.5,
          "weight": 0.06
        },
        {
          "kind": "line",
          "x1": 2.0,
          "y1": 8.5,
          "x2": 799.0,
          "y2": 8.5,
          "weight": 0.06
        },
        {
          "kind": "line",
          "x1": 2.0,
          "y1": 9.5,
          "x2": 799.0,
          "y2": 9.5,
          "weight": 0.06
        },
        {
          "kind": "line",
          "x1": 2.0,
          "y1": 5.5,
          "x2": 2.0,
          "y2": 9.5,
          "weight": 0.1
        },
        {
          "kind": "line",
          "x1": 799.0,
          "y1": 5.5,
          "x2": 799.0,
          "y2": 9.5,
          "weight": 0.1
        }
      ],
      "measures": [
        {
          "bounds": {
            "x": 2.0,
            "y": 5.5,
            "w": 797.0,
            "h": 4.0
          },
          "prims": [
            {
              "kind": "text",
              "x": 3.2,
              "y": 7.0,
              "content": "4",
              "role": "timeSig",
              "span": null
            },
            {
              "kind": "text",
              "x": 3.2,
              "y": 8.0,
              "content": "4",
              "role": "timeSig",
              "span": null
            },
            {
              "kind": "text",
              "x": 271.40845,
              "y": 6.5,
              "content": "0",
              "role": "fretNumber",
              "span": {
                "start": 0,
                "end": 3
              }
            },
            {
              "kind": "line",
              "x1": 271.40845,
              "y1": 7.3,
              "x2": 271.40845,
              "y2": 11.0,
              "weight": 0.08
            },
            {
              "kind": "text",
              "x": 271.40845,
              "y": 11.6,
              "content": "T",
              "role": "finger",
              "span": {
                "start": 0,
                "end": 3
              }
            },
            {
              "kind": "text",
              "x": 383.66196,
              "y": 7.5,
              "content": "0",
              "role": "fretNumber",
              "span": {
                "start": 4,
                "end": 7
              }
            },
            {
              "kind": "line",
              "x1": 383.66196,
              "y1": 8.3,
              "x2": 383.66196,
              "y2": 11.0,
              "weight": 0.08
            },
            {
              "kind": "text",
              "x": 383.66196,
              "y": 11.6,
              "content": "T",
              "role": "finger",
              "span": {
                "start": 4,
                "end": 7
              }
            },
            {
              "kind": "text",
              "x": 608.169,
              "y": 5.5,
              "content": "0",
              "role": "fretNumber",
              "span": {
                "start": 8,
                "end": 11
              }
            },
            {
              "kind": "line",
              "x1": 608.169,
              "y1": 6.3,
              "x2": 608.169,
              "y2": 11.0,
              "weight": 0.08
            },
            {
              "kind": "text",
              "x": 608.169,
              "y": 11.6,
              "content": "T",
              "role": "finger",
              "span": {
                "start": 8,
                "end": 11
              }
            },
            {
              "kind": "line",
              "x1": 271.40845,
              "y1": 11.09,
              "x2": 272.00845,
              "y2": 11.09,
              "weight": 0.18
            },
            {
              "kind": "line",
              "x1": 608.169,
              "y1": 11.09,
              "x2": 608.769,
              "y2": 11.09,
              "weight": 0.18
            },
            {
              "kind": "line",
              "x1": 608.169,
              "y1": 10.74,
              "x2": 608.769,
              "y2": 10.74,
              "weight": 0.18
            }
          ],
          "span": {
            "start": 0,
            "end": 11
          }
        }
      ]
    }
  ]
}
